Component: ARM Compiler 5.06 update 7 (build 960) Tool: armlink [4d3601]

==============================================================================

Section Cross References

    startup_stm32f103xb.o(STACK) refers (Special) to heapauxi.o(.text) for __use_two_region_memory
    startup_stm32f103xb.o(HEAP) refers (Special) to heapauxi.o(.text) for __use_two_region_memory
    startup_stm32f103xb.o(RESET) refers (Special) to heapauxi.o(.text) for __use_two_region_memory
    startup_stm32f103xb.o(RESET) refers to startup_stm32f103xb.o(STACK) for __initial_sp
    startup_stm32f103xb.o(RESET) refers to startup_stm32f103xb.o(.text) for Reset_Handler
    startup_stm32f103xb.o(RESET) refers to stm32f1xx_it.o(i.NMI_Handler) for NMI_Handler
    startup_stm32f103xb.o(RESET) refers to stm32f1xx_it.o(i.HardFault_Handler) for HardFault_Handler
    startup_stm32f103xb.o(RESET) refers to stm32f1xx_it.o(i.MemManage_Handler) for MemManage_Handler
    startup_stm32f103xb.o(RESET) refers to stm32f1xx_it.o(i.BusFault_Handler) for BusFault_Handler
    startup_stm32f103xb.o(RESET) refers to stm32f1xx_it.o(i.UsageFault_Handler) for UsageFault_Handler
    startup_stm32f103xb.o(RESET) refers to stm32f1xx_it.o(i.SVC_Handler) for SVC_Handler
    startup_stm32f103xb.o(RESET) refers to stm32f1xx_it.o(i.DebugMon_Handler) for DebugMon_Handler
    startup_stm32f103xb.o(RESET) refers to stm32f1xx_it.o(i.PendSV_Handler) for PendSV_Handler
    startup_stm32f103xb.o(RESET) refers to stm32f1xx_it.o(i.SysTick_Handler) for SysTick_Handler
    startup_stm32f103xb.o(.text) refers (Special) to heapauxi.o(.text) for __use_two_region_memory
    startup_stm32f103xb.o(.text) refers to system_stm32f1xx.o(i.SystemInit) for SystemInit
    startup_stm32f103xb.o(.text) refers to __main.o(!!!main) for __main
    startup_stm32f103xb.o(.text) refers to startup_stm32f103xb.o(HEAP) for Heap_Mem
    startup_stm32f103xb.o(.text) refers to startup_stm32f103xb.o(STACK) for Stack_Mem
    main.o(i.SystemClock_Config) refers to rt_memclr_w.o(.text) for __aeabi_memclr4
    main.o(i.SystemClock_Config) refers to stm32f1xx_hal_rcc.o(i.HAL_RCC_OscConfig) for HAL_RCC_OscConfig
    main.o(i.SystemClock_Config) refers to stm32f1xx_hal_rcc.o(i.HAL_RCC_ClockConfig) for HAL_RCC_ClockConfig
    main.o(i.SystemClock_Config) refers to stm32f1xx_hal_rcc_ex.o(i.HAL_RCCEx_PeriphCLKConfig) for HAL_RCCEx_PeriphCLKConfig
    main.o(i.main) refers to stm32f1xx_hal.o(i.HAL_Init) for HAL_Init
    main.o(i.main) refers to main.o(i.SystemClock_Config) for SystemClock_Config
    main.o(i.main) refers to gpio.o(i.MX_GPIO_Init) for MX_GPIO_Init
    main.o(i.main) refers to dma.o(i.MX_DMA_Init) for MX_DMA_Init
    main.o(i.main) refers to tim.o(i.MX_TIM1_Init) for MX_TIM1_Init
    main.o(i.main) refers to adc.o(i.MX_ADC1_Init) for MX_ADC1_Init
    main.o(i.main) refers to usart.o(i.MX_USART3_UART_Init) for MX_USART3_UART_Init
    main.o(i.main) refers to tim.o(i.MX_TIM4_Init) for MX_TIM4_Init
    main.o(i.main) refers to oled.o(i.OLED_Init) for OLED_Init
    main.o(i.main) refers to motor.o(i.motor_init) for motor_init
    main.o(i.main) refers to super_led.o(i.super_led_init) for super_led_init
    main.o(i.main) refers to stm32f1xx_hal_adc_ex.o(i.HAL_ADCEx_Calibration_Start) for HAL_ADCEx_Calibration_Start
    main.o(i.main) refers to stm32f1xx_hal_adc.o(i.HAL_ADC_Start_DMA) for HAL_ADC_Start_DMA
    main.o(i.main) refers to oled.o(i.OLED_Printf) for OLED_Printf
    main.o(i.main) refers to oled.o(i.OLED_Update) for OLED_Update
    main.o(i.main) refers to stm32f1xx_hal_gpio.o(i.HAL_GPIO_ReadPin) for HAL_GPIO_ReadPin
    main.o(i.main) refers to stm32f1xx_hal_gpio.o(i.HAL_GPIO_WritePin) for HAL_GPIO_WritePin
    main.o(i.main) refers to super_led.o(i.super_led_set_whole) for super_led_set_whole
    main.o(i.main) refers to motor.o(i.motor_control) for motor_control
    main.o(i.main) refers to super_led.o(i.Color_Wipe_NonBlocking) for Color_Wipe_NonBlocking
    main.o(i.main) refers to stm32f1xx_hal.o(i.HAL_GetTick) for HAL_GetTick
    main.o(i.main) refers to super_led.o(i.super_led_engine) for super_led_engine
    main.o(i.main) refers to adc.o(.bss) for hadc1
    main.o(i.main) refers to main.o(.data) for .data
    main.o(i.main) refers to super_led.o(.data) for g_engine_speed
    gpio.o(i.MX_GPIO_Init) refers to stm32f1xx_hal_gpio.o(i.HAL_GPIO_WritePin) for HAL_GPIO_WritePin
    gpio.o(i.MX_GPIO_Init) refers to stm32f1xx_hal_gpio.o(i.HAL_GPIO_Init) for HAL_GPIO_Init
    adc.o(i.HAL_ADC_MspDeInit) refers to stm32f1xx_hal_gpio.o(i.HAL_GPIO_DeInit) for HAL_GPIO_DeInit
    adc.o(i.HAL_ADC_MspDeInit) refers to stm32f1xx_hal_dma.o(i.HAL_DMA_DeInit) for HAL_DMA_DeInit
    adc.o(i.HAL_ADC_MspInit) refers to stm32f1xx_hal_gpio.o(i.HAL_GPIO_Init) for HAL_GPIO_Init
    adc.o(i.HAL_ADC_MspInit) refers to stm32f1xx_hal_dma.o(i.HAL_DMA_Init) for HAL_DMA_Init
    adc.o(i.HAL_ADC_MspInit) refers to main.o(i.Error_Handler) for Error_Handler
    adc.o(i.HAL_ADC_MspInit) refers to adc.o(.bss) for .bss
[...]
    i.HAL_SYSTICK_Config                     0x08002c20   Section        0  stm32f1xx_hal_cortex.o(i.HAL_SYSTICK_Config)
    i.HAL_TIMEx_ConfigBreakDeadTime          0x08002c48   Section        0  stm32f1xx_hal_tim_ex.o(i.HAL_TIMEx_ConfigBreakDeadTime)
    i.HAL_TIMEx_MasterConfigSynchronization  0x08002c9c   Section        0  stm32f1xx_hal_tim_ex.o(i.HAL_TIMEx_MasterConfigSynchronization)
    i.HAL_TIM_Base_Init                      0x08002d04   Section        0  stm32f1xx_hal_tim.o(i.HAL_TIM_Base_Init)
    i.HAL_TIM_Base_MspInit                   0x08002d60   Section        0  tim.o(i.HAL_TIM_Base_MspInit)
    i.HAL_TIM_ConfigClockSource              0x08002ddc   Section        0  stm32f1xx_hal_tim.o(i.HAL_TIM_ConfigClockSource)
    i.HAL_TIM_ErrorCallback                  0x08002eb8   Section        0  stm32f1xx_hal_tim.o(i.HAL_TIM_ErrorCallback)
    i.HAL_TIM_MspPostInit                    0x08002ebc   Section        0  tim.o(i.HAL_TIM_MspPostInit)
    i.HAL_TIM_PWM_ConfigChannel              0x08002f34   Section        0  stm32f1xx_hal_tim.o(i.HAL_TIM_PWM_ConfigChannel)
    i.HAL_TIM_PWM_Init                       0x08003000   Section        0  stm32f1xx_hal_tim.o(i.HAL_TIM_PWM_Init)
    i.HAL_TIM_PWM_MspInit                    0x0800305a   Section        0  stm32f1xx_hal_tim.o(i.HAL_TIM_PWM_MspInit)
    i.HAL_TIM_PWM_PulseFinishedCallback      0x0800305c   Section        0  stm32f1xx_hal_tim.o(i.HAL_TIM_PWM_PulseFinishedCallback)
    i.HAL_TIM_PWM_PulseFinishedHalfCpltCallback 0x0800305e   Section        0  stm32f1xx_hal_tim.o(i.HAL_TIM_PWM_PulseFinishedHalfCpltCallback)
    i.HAL_TIM_PWM_Start                      0x08003060   Section        0  stm32f1xx_hal_tim.o(i.HAL_TIM_PWM_Start)
    i.HAL_TIM_PWM_Start_DMA                  0x080030fc   Section        0  stm32f1xx_hal_tim.o(i.HAL_TIM_PWM_Start_DMA)
    i.HAL_UART_Init                          0x08003290   Section        0  stm32f1xx_hal_uart.o(i.HAL_UART_Init)
    i.HAL_UART_MspInit                       0x080032f4   Section        0  usart.o(i.HAL_UART_MspInit)
    i.HardFault_Handler                      0x08003364   Section        0  stm32f1xx_it.o(i.HardFault_Handler)
    i.MX_ADC1_Init                           0x08003368   Section        0  adc.o(i.MX_ADC1_Init)
    i.MX_DMA_Init                            0x080033e0   Section        0  dma.o(i.MX_DMA_Init)
    i.MX_GPIO_Init                           0x080033fc   Section        0  gpio.o(i.MX_GPIO_Init)
    i.MX_TIM1_Init                           0x080034f8   Section        0  tim.o(i.MX_TIM1_Init)
    i.MX_TIM4_Init                           0x080035d4   Section        0  tim.o(i.MX_TIM4_Init)
    i.MX_USART3_UART_Init                    0x08003668   Section        0  usart.o(i.MX_USART3_UART_Init)
    i.MemManage_Handler                      0x080036a0   Section        0  stm32f1xx_it.o(i.MemManage_Handler)
    i.NMI_Handler                            0x080036a2   Section        0  stm32f1xx_it.o(i.NMI_Handler)
    i.OLED_Clear                             0x080036a4   Section        0  oled.o(i.OLED_Clear)
    i.OLED_ClearArea                         0x080036cc   Section        0  oled.o(i.OLED_ClearArea)
    i.OLED_GPIO_Init                         0x08003728   Section        0  oled.o(i.OLED_GPIO_Init)
    i.OLED_I2C_SendByte                      0x08003770   Section        0  oled.o(i.OLED_I2C_SendByte)
    i.OLED_I2C_Start                         0x080037aa   Section        0  oled.o(i.OLED_I2C_Start)
    i.OLED_I2C_Stop                          0x080037c8   Section        0  oled.o(i.OLED_I2C_Stop)
    i.OLED_Init                              0x080037e0   Section        0  oled.o(i.OLED_Init)
    i.OLED_Printf                            0x0800387c   Section        0  oled.o(i.OLED_Printf)
    i.OLED_SetCursor                         0x080038a6   Section        0  oled.o(i.OLED_SetCursor)
    i.OLED_ShowChar                          0x080038c8   Section        0  oled.o(i.OLED_ShowChar)
    i.OLED_ShowImage                         0x08003904   Section        0  oled.o(i.OLED_ShowImage)
    i.OLED_ShowString                        0x080039c0   Section        0  oled.o(i.OLED_ShowString)
    i.OLED_Update                            0x08003b2c   Section        0  oled.o(i.OLED_Update)
    i.OLED_W_SCL                             0x08003b54   Section        0  oled.o(i.OLED_W_SCL)
    i.OLED_W_SDA                             0x08003b64   Section        0  oled.o(i.OLED_W_SDA)
    i.OLED_WriteCommand                      0x08003b74   Section        0  oled.o(i.OLED_WriteCommand)
    i.OLED_WriteData                         0x08003b96   Section        0  oled.o(i.OLED_WriteData)
    i.PendSV_Handler                         0x08003bc6   Section        0  stm32f1xx_it.o(i.PendSV_Handler)
    i.SVC_Handler                            0x08003bc8   Section        0  stm32f1xx_it.o(i.SVC_Handler)
    i.SysTick_Handler                        0x08003bca   Section        0  stm32f1xx_it.o(i.SysTick_Handler)
    i.SystemClock_Config                     0x08003bce   Section        0  main.o(i.SystemClock_Config)
    i.SystemInit                             0x08003c46   Section        0  system_stm32f1xx.o(i.SystemInit)
    i.TIM_Base_SetConfig                     0x08003c48   Section        0  stm32f1xx_hal_tim.o(i.TIM_Base_SetConfig)
    i.TIM_CCxChannelCmd                      0x08003cc0   Section        0  stm32f1xx_hal_tim.o(i.TIM_CCxChannelCmd)
    i.TIM_DMADelayPulseCplt                  0x08003cda   Section        0  stm32f1xx_hal_tim.o(i.TIM_DMADelayPulseCplt)
    TIM_DMADelayPulseCplt                    0x08003cdb   Thumb Code    94  stm32f1xx_hal_tim.o(i.TIM_DMADelayPulseCplt)
    i.TIM_DMADelayPulseHalfCplt              0x08003d38   Section        0  stm32f1xx_hal_tim.o(i.TIM_DMADelayPulseHalfCplt)
    i.TIM_DMAError                           0x08003d70   Section        0  stm32f1xx_hal_tim.o(i.TIM_DMAError)
    i.TIM_ETR_SetConfig                      0x08003dc4   Section        0  stm32f1xx_hal_tim.o(i.TIM_ETR_SetConfig)
    i.TIM_ITRx_SetConfig                     0x08003dd8   Section        0  stm32f1xx_hal_tim.o(i.TIM_ITRx_SetConfig)
    TIM_ITRx_SetConfig                       0x08003dd9   Thumb Code    16  stm32f1xx_hal_tim.o(i.TIM_ITRx_SetConfig)
    i.TIM_OC1_SetConfig                      0x08003de8   Section        0  stm32f1xx_hal_tim.o(i.TIM_OC1_SetConfig)
    TIM_OC1_SetConfig                        0x08003de9   Thumb Code    74  stm32f1xx_hal_tim.o(i.TIM_OC1_SetConfig)
    i.TIM_OC2_SetConfig                      0x08003e38   Section        0  stm32f1xx_hal_tim.o(i.TIM_OC2_SetConfig)
    i.TIM_OC3_SetConfig                      0x08003e90   Section        0  stm32f1xx_hal_tim.o(i.TIM_OC3_SetConfig)
    TIM_OC3_SetConfig                        0x08003e91   Thumb Code    82  stm32f1xx_hal_tim.o(i.TIM_OC3_SetConfig)
    i.TIM_OC4_SetConfig                      0x08003ee8   Section        0  stm32f1xx_hal_tim.o(i.TIM_OC4_SetConfig)
    TIM_OC4_SetConfig                        0x08003ee9   Thumb Code    64  stm32f1xx_hal_tim.o(i.TIM_OC4_SetConfig)
    i.TIM_TI1_ConfigInputStage               0x08003f2c   Section        0  stm32f1xx_hal_tim.o(i.TIM_TI1_ConfigInputStage)
    TIM_TI1_ConfigInputStage                 0x08003f2d   Thumb Code    34  stm32f1xx_hal_tim.o(i.TIM_TI1_ConfigInputStage)
    i.TIM_TI2_ConfigInputStage               0x08003f4e   Section        0  stm32f1xx_hal_tim.o(i.TIM_TI2_ConfigInputStage)
    TIM_TI2_ConfigInputStage                 0x08003f4f   Thumb Code    36  stm32f1xx_hal_tim.o(i.TIM_TI2_ConfigInputStage)
    i.UART_SetConfig                         0x08003f74   Section        0  stm32f1xx_hal_uart.o(i.UART_SetConfig)
    UART_SetConfig                           0x08003f75   Thumb Code   178  stm32f1xx_hal_uart.o(i.UART_SetConfig)
    i.UsageFault_Handler                     0x0800402c   Section        0  stm32f1xx_it.o(i.UsageFault_Handler)
    i.__ARM_fpclassify                       0x0800402e   Section        0  fpclassify.o(i.__ARM_fpclassify)
    i.__NVIC_SetPriority                     0x08004056   Section        0  stm32f1xx_hal_cortex.o(i.__NVIC_SetPriority)
    __NVIC_SetPriority                       0x08004057   Thumb Code    32  stm32f1xx_hal_cortex.o(i.__NVIC_SetPriority)
    i._is_digit                              0x08004076   Section        0  __printf_wp.o(i._is_digit)
    i.main                                   0x08004084   Section        0  main.o(i.main)
    i.motor_control                          0x08004358   Section        0  motor.o(i.motor_control)
    i.motor_init                             0x08004384   Section        0  motor.o(i.motor_init)
    i.super_led_engine                       0x080043a0   Section        0  super_led.o(i.super_led_engine)
    i.super_led_init                         0x080043dc   Section        0  super_led.o(i.super_led_init)
    i.super_led_set_single                   0x08004424   Section        0  super_led.o(i.super_led_set_single)
    i.super_led_set_whole                    0x08004468   Section        0  super_led.o(i.super_led_set_whole)
    locale$$code                             0x08004488   Section       44  lc_numeric_c.o(locale$$code)
    locale$$code                             0x080044b4   Section       44  lc_ctype_c.o(locale$$code)
    x$fpl$printf1                            0x080044e0   Section        4  printf1.o(x$fpl$printf1)
    x$fpl$printf2                            0x080044e4   Section        4  printf2.o(x$fpl$printf2)
    .constdata                               0x080044e8   Section       18  stm32f1xx_hal_rcc.o(.constdata)
    x$fpl$usenofp                            0x080044e8   Section        0  usenofp.o(x$fpl$usenofp)
    aPredivFactorTable                       0x080044e8   Data           2  stm32f1xx_hal_rcc.o(.constdata)
    aPLLMULFactorTable                       0x080044ea   Data          16  stm32f1xx_hal_rcc.o(.constdata)
    .constdata                               0x080044fa   Section       18  stm32f1xx_hal_rcc_ex.o(.constdata)
    aPredivFactorTable                       0x080044fa   Data           2  stm32f1xx_hal_rcc_ex.o(.constdata)
    aPLLMULFactorTable                       0x080044fc   Data          16  stm32f1xx_hal_rcc_ex.o(.constdata)
    .constdata                               0x0800450c   Section       16  system_stm32f1xx.o(.constdata)
    .constdata                               0x0800451c   Section        8  system_stm32f1xx.o(.constdata)
    .constdata                               0x08004524   Section     1520  oled_data.o(.constdata)
    .constdata                               0x08004b14   Section      570  oled_data.o(.constdata)
    .constdata                               0x08004d4e   Section       37  oled_data.o(.constdata)
    .constdata                               0x08004d73   Section       27  super_led.o(.constdata)
    color_sequence                           0x08004d73   Data          27  super_led.o(.constdata)
    .constdata                               0x08004d90   Section        8  _printf_wctomb.o(.constdata)
    initial_mbstate                          0x08004d90   Data           8  _printf_wctomb.o(.constdata)
    .constdata                               0x08004d98   Section       40  _printf_hex_int_ll_ptr.o(.constdata)
    uc_hextab                                0x08004d98   Data          20  _printf_hex_int_ll_ptr.o(.constdata)
    lc_hextab                                0x08004dac   Data          20  _printf_hex_int_ll_ptr.o(.constdata)
    .constdata                               0x08004dc0   Section       17  __printf_flags_ss_wp.o(.constdata)
    maptable                                 0x08004dc0   Data          17  __printf_flags_ss_wp.o(.constdata)
    .constdata                               0x08004dd1   Section       38  _printf_fp_hex.o(.constdata)
    lc_hextab                                0x08004dd1   Data          19  _printf_fp_hex.o(.constdata)
    uc_hextab                                0x08004de4   Data          19  _printf_fp_hex.o(.constdata)
    .constdata                               0x08004df8   Section      148  bigflt0.o(.constdata)
    tenpwrs_x                                0x08004df8   Data          60  bigflt0.o(.constdata)
    tenpwrs_i                                0x08004e34   Data          64  bigflt0.o(.constdata)
    locale$$data                             0x08004eac   Section       28  lc_numeric_c.o(locale$$data)
    __lcnum_c_name                           0x08004eb0   Data           2  lc_numeric_c.o(locale$$data)
    __lcnum_c_start                          0x08004eb8   Data           0  lc_numeric_c.o(locale$$data)
    __lcnum_c_point                          0x08004ec4   Data           0  lc_numeric_c.o(locale$$data)
    __lcnum_c_thousands                      0x08004ec6   Data           0  lc_numeric_c.o(locale$$data)
    __lcnum_c_grouping                       0x08004ec7   Data           0  lc_numeric_c.o(locale$$data)
    locale$$data                             0x08004ec8   Section      272  lc_ctype_c.o(locale$$data)
    __lcnum_c_end                            0x08004ec8   Data           0  lc_numeric_c.o(locale$$data)
    __lcctype_c_name                         0x08004ecc   Data           2  lc_ctype_c.o(locale$$data)
    __lcctype_c_start                        0x08004ed4   Data           0  lc_ctype_c.o(locale$$data)
    __lcctype_c_end                          0x08004fd8   Data           0  lc_ctype_c.o(locale$$data)
    .data                                    0x20000000   Section       18  main.o(.data)
    .data                                    0x20000014   Section       12  stm32f1xx_hal.o(.data)
    .data                                    0x20000020   Section        4  system_stm32f1xx.o(.data)
    .data                                    0x20000024   Section       16  super_led.o(.data)
    wipe_step                                0x20000028   Data           2  super_led.o(.data)
    wipe_tick                                0x2000002c   Data           4  super_led.o(.data)
    engine_tick                              0x20000030   Data           4  super_led.o(.data)
    .bss                                     0x20000034   Section      116  adc.o(.bss)
    .bss                                     0x200000a8   Section      212  tim.o(.bss)
    .bss                                     0x2000017c   Section       72  usart.o(.bss)
    .bss                                     0x200001c4   Section     1024  oled.o(.bss)
    .bss                                     0x200005c4   Section     7700  super_led.o(.bss)
    .bss                                     0x200023d8   Section       96  libspace.o(.bss)
    HEAP                                     0x20002438   Section      512  startup_stm32f103xb.o(HEAP)
    Heap_Mem                                 0x20002438   Data         512  startup_stm32f103xb.o(HEAP)
    STACK                                    0x20002638   Section     1024  startup_stm32f103xb.o(STACK)
    Stack_Mem                                0x20002638   Data        1024  startup_stm32f103xb.o(STACK)
    __initial_sp                             0x20002a38   Data           0  startup_stm32f103xb.o(STACK)

    Global Symbols

    Symbol Name                              Value     Ov Type        Size  Object(Section)

    BuildAttributes$$THM_ISAv4$P$D$K$B$S$PE$A:L22UL41UL21$X:L11$S22US41US21$IEEE1$IW$USESV6$~STKCKD$USESV7$~SHL$OTIME$ROPI$IEEEX$EBA8$UX$STANDARDLIB$REQ8$PRES8$EABIv2 0x00000000   Number         0  anon$$obj.o ABSOLUTE
    __ARM_use_no_argv                        0x00000000   Number         0  main.o ABSOLUTE
    _printf_flags                            0x00000000   Number         0  printf_stubs.o ABSOLUTE
    _printf_return_value                     0x00000000   Number         0  printf_stubs.o ABSOLUTE
    _printf_sizespec                         0x00000000   Number         0  printf_stubs.o ABSOLUTE
    _printf_widthprec                        0x00000000   Number         0  printf_stubs.o ABSOLUTE
    __ARM_exceptions_init                     - Undefined Weak Reference
    __alloca_initialize                       - Undefined Weak Reference
    __arm_fini_                               - Undefined Weak Reference
    __arm_preinit_                            - Undefined Weak Reference
    __cpp_initialize__aeabi_                  - Undefined Weak Reference
    __cxa_finalize                            - Undefined Weak Reference
    __sigvec_lookup                           - Undefined Weak Reference
    _atexit_init                              - Undefined Weak Reference
    _call_atexit_fns                          - Undefined Weak Reference
    _clock_init                               - Undefined Weak Reference
    _fp_trap_init                             - Undefined Weak Reference
    _fp_trap_shutdown                         - Undefined Weak Reference
    _get_lc_collate                           - Undefined Weak Reference
    _get_lc_monetary                          - Undefined Weak Reference
    _get_lc_time                              - Undefined Weak Reference
    _getenv_init                              - Undefined Weak Reference
    _handle_redirection                       - Undefined Weak Reference
    _init_alloc                               - Undefined Weak Reference
    _init_user_alloc                          - Undefined Weak Reference
    _initio                                   - Undefined Weak Reference
    _printf_mbtowc                            - Undefined Weak Reference
    _printf_wc                                - Undefined Weak Reference
    _rand_init                                - Undefined Weak Reference
    _signal_finish                            - Undefined Weak Reference
    _signal_init                              - Undefined Weak Reference
    _terminate_alloc                          - Undefined Weak Reference
    _terminate_user_alloc                     - Undefined Weak Reference
    _terminateio                              - Undefined Weak Reference
    __Vectors_Size                           0x000000ec   Number         0  startup_stm32f103xb.o ABSOLUTE
    __Vectors                                0x08000000   Data           4  startup_stm32f103xb.o(RESET)
    __Vectors_End                            0x080000ec   Data           0  startup_stm32f103xb.o(RESET)
    __main                                   0x080000ed   Thumb Code     8  __main.o(!!!main)
    __scatterload                            0x080000f5   Thumb Code     0  __scatter.o(!!!scatter)
    __scatterload_rt2                        0x080000f5   Thumb Code    44  __scatter.o(!!!scatter)
    __scatterload_rt2_thumb_only             0x080000f5   Thumb Code     0  __scatter.o(!!!scatter)
    __scatterload_null                       0x08000103   Thumb Code     0  __scatter.o(!!!scatter)
    __scatterload_copy                       0x08000129   Thumb Code    26  __scatter_copy.o(!!handler_copy)
    __scatterload_zeroinit                   0x08000145   Thumb Code    28  __scatter_zi.o(!!handler_zi)
    _printf_n                                0x08000161   Thumb Code     0  _printf_n.o(.ARM.Collect$$_printf_percent$$00000001)
    _printf_percent                          0x08000161   Thumb Code     0  _printf_percent.o(.ARM.Collect$$_printf_percent$$00000000)
    _printf_p                                0x08000167   Thumb Code     0  _printf_p.o(.ARM.Collect$$_printf_percent$$00000002)
    _printf_f                                0x0800016d   Thumb Code     0  _printf_f.o(.ARM.Collect$$_printf_percent$$00000003)
    _printf_e                                0x08000173   Thumb Code     0  _printf_e.o(.ARM.Collect$$_printf_percent$$00000004)
    _printf_g                                0x08000179   Thumb Code     0  _printf_g.o(.ARM.Collect$$_printf_percent$$00000005)
    _printf_a                                0x0800017f   Thumb Code     0  _printf_a.o(.ARM.Collect$$_printf_percent$$00000006)
    _printf_ll                               0x08000185   Thumb Code     0  _printf_ll.o(.ARM.Collect$$_printf_percent$$00000007)
    _printf_i                                0x0800018f   Thumb Code     0  _printf_i.o(.ARM.Collect$$_printf_percent$$00000008)
    _printf_d                                0x08000195   Thumb Code     0  _printf_d.o(.ARM.Collect$$_printf_percent$$00000009)
    _printf_u                                0x0800019b   Thumb Code     0  _printf_u.o(.ARM.Collect$$_printf_percent$$0000000A)
    _printf_o                                0x080001a1   Thumb Code     0  _printf_o.o(.ARM.Collect$$_printf_percent$$0000000B)
    _printf_x                                0x080001a7   Thumb Code     0  _printf_x.o(.ARM.Collect$$_printf_percent$$0000000C)
    _printf_lli                              0x080001ad   Thumb Code     0  _printf_lli.o(.ARM.Collect$$_printf_percent$$0000000D)
    _printf_lld                              0x080001b3   Thumb Code     0  _printf_lld.o(.ARM.Collect$$_printf_percent$$0000000E)
    _printf_llu                              0x080001b9   Thumb Code     0  _printf_llu.o(.ARM.Collect$$_printf_percent$$0000000F)
    _printf_llo                              0x080001bf   Thumb Code     0  _printf_llo.o(.ARM.Collect$$_printf_percent$$00000010)
    _printf_llx                              0x080001c5   Thumb Code     0  _printf_llx.o(.ARM.Collect$$_printf_percent$$00000011)
    _printf_l                                0x080001cb   Thumb Code     0  _printf_l.o(.ARM.Collect$$_printf_percent$$00000012)
    _printf_c                                0x080001d5   Thumb Code     0  _printf_c.o(.ARM.Collect$$_printf_percent$$00000013)
    _printf_s                                0x080001db   Thumb Code     0  _printf_s.o(.ARM.Collect$$_printf_percent$$00000014)
    _printf_lc                               0x080001e1   Thumb Code     0  _printf_lc.o(.ARM.Collect$$_printf_percent$$00000015)
    _printf_ls                               0x080001e7   Thumb Code     0  _printf_ls.o(.ARM.Collect$$_printf_percent$$00000016)
    _printf_percent_end                      0x080001ed   Thumb Code     0  _printf_percent_end.o(.ARM.Collect$$_printf_percent$$00000017)
    __rt_lib_init                            0x080001f1   Thumb Code     0  libinit.o(.ARM.Collect$$libinit$$00000000)
    __rt_lib_init_fp_1                       0x080001f3   Thumb Code     0  libinit2.o(.ARM.Collect$$libinit$$00000002)
    __rt_lib_init_heap_1                     0x080001f3   Thumb Code     0  libinit2.o(.ARM.Collect$$libinit$$0000000A)
    __rt_lib_init_lc_common                  0x080001f3   Thumb Code     0  libinit2.o(.ARM.Collect$$libinit$$0000000F)
    __rt_lib_init_preinit_1                  0x080001f3   Thumb Code     0  libinit2.o(.ARM.Collect$$libinit$$00000004)
    __rt_lib_init_rand_1                     0x080001f3   Thumb Code     0  libinit2.o(.ARM.Collect$$libinit$$0000000E)
    __rt_lib_init_user_alloc_1               0x080001f3   Thumb Code     0  libinit2.o(.ARM.Collect$$libinit$$0000000C)
    __rt_lib_init_lc_collate_1               0x080001f9   Thumb Code     0  libinit2.o(.ARM.Collect$$libinit$$00000011)
    __rt_lib_init_lc_ctype_2                 0x080001f9   Thumb Code     0  libinit2.o(.ARM.Collect$$libinit$$00000012)
    __rt_lib_init_lc_ctype_1                 0x08000205   Thumb Code     0  libinit2.o(.ARM.Collect$$libinit$$00000013)
    __rt_lib_init_lc_monetary_1              0x08000205   Thumb Code     0  libinit2.o(.ARM.Collect$$libinit$$00000015)
    __rt_lib_init_lc_numeric_2               0x08000205   Thumb Code     0  libinit2.o(.ARM.Collect$$libinit$$00000016)
    __rt_lib_init_alloca_1                   0x0800020f   Thumb Code     0  libinit2.o(.ARM.Collect$$libinit$$0000002E)
    __rt_lib_init_argv_1                     0x0800020f   Thumb Code     0  libinit2.o(.ARM.Collect$$libinit$$0000002C)
    __rt_lib_init_atexit_1                   0x0800020f   Thumb Code     0  libinit2.o(.ARM.Collect$$libinit$$0000001B)
    __rt_lib_init_clock_1                    0x0800020f   Thumb Code     0  libinit2.o(.ARM.Collect$$libinit$$00000021)
    __rt_lib_init_cpp_1                      0x0800020f   Thumb Code     0  libinit2.o(.ARM.Collect$$libinit$$00000032)
    __rt_lib_init_exceptions_1               0x0800020f   Thumb Code     0  libinit2.o(.ARM.Collect$$libinit$$00000030)
    __rt_lib_init_fp_trap_1                  0x0800020f   Thumb Code     0  libinit2.o(.ARM.Collect$$libinit$$0000001F)
    __rt_lib_init_getenv_1                   0x0800020f   Thumb Code     0  libinit2.o(.ARM.Collect$$libinit$$00000023)
    __rt_lib_init_lc_numeric_1               0x0800020f   Thumb Code     0  libinit2.o(.ARM.Collect$$libinit$$00000017)
    __rt_lib_init_lc_time_1                  0x0800020f   Thumb Code     0  libinit2.o(.ARM.Collect$$libinit$$00000019)
    __rt_lib_init_return                     0x0800020f   Thumb Code     0  libinit2.o(.ARM.Collect$$libinit$$00000033)
    __rt_lib_init_signal_1                   0x0800020f   Thumb Code     0  libinit2.o(.ARM.Collect$$libinit$$0000001D)
    __rt_lib_init_stdio_1                    0x0800020f   Thumb Code     0  libinit2.o(.ARM.Collect$$libinit$$00000025)
    __rt_lib_shutdown                        0x08000211   Thumb Code     0  libshutdown.o(.ARM.Collect$$libshutdown$$00000000)
    __rt_lib_shutdown_cpp_1                  0x08000213   Thumb Code     0  libshutdown2.o(.ARM.Collect$$libshutdown$$00000004)
    __rt_lib_shutdown_fini_1                 0x08000213   Thumb Code     0  libshutdown2.o(.ARM.Collect$$libshutdown$$00000002)
    __rt_lib_shutdown_fp_trap_1              0x08000213   Thumb Code     0  libshutdown2.o(.ARM.Collect$$libshutdown$$00000009)
    __rt_lib_shutdown_heap_1                 0x08000213   Thumb Code     0  libshutdown2.o(.ARM.Collect$$libshutdown$$00000011)
    __rt_lib_shutdown_return                 0x08000213   Thumb Code     0  libshutdown2.o(.ARM.Collect$$libshutdown$$00000012)
    __rt_lib_shutdown_signal_1               0x08000213   Thumb Code     0  libshutdown2.o(.ARM.Collect$$libshutdown$$0000000C)
    __rt_lib_shutdown_stdio_1                0x08000213   Thumb Code     0  libshutdown2.o(.ARM.Collect$$libshutdown$$00000006)
    __rt_lib_shutdown_user_alloc_1           0x08000213   Thumb Code     0  libshutdown2.o(.ARM.Collect$$libshutdown$$0000000E)
    __rt_entry                               0x08000215   Thumb Code     0  __rtentry.o(.ARM.Collect$$rtentry$$00000000)
    __rt_entry_presh_1                       0x08000215   Thumb Code     0  __rtentry2.o(.ARM.Collect$$rtentry$$00000002)
    __rt_entry_sh                            0x08000215   Thumb Code     0  __rtentry4.o(.ARM.Collect$$rtentry$$00000004)
    __rt_entry_li                            0x0800021b   Thumb Code     0  __rtentry2.o(.ARM.Collect$$rtentry$$0000000A)
    __rt_entry_postsh_1                      0x0800021b   Thumb Code     0  __rtentry2.o(.ARM.Collect$$rtentry$$00000009)
    __rt_entry_main                          0x0800021f   Thumb Code     0  __rtentry2.o(.ARM.Collect$$rtentry$$0000000D)
    __rt_entry_postli_1                      0x0800021f   Thumb Code     0  __rtentry2.o(.ARM.Collect$$rtentry$$0000000C)
    __rt_exit                                0x08000227   Thumb Code     0  rtexit.o(.ARM.Collect$$rtexit$$00000000)
    __rt_exit_ls                             0x08000229   Thumb Code     0  rtexit2.o(.ARM.Collect$$rtexit$$00000003)
    __rt_exit_prels_1                        0x08000229   Thumb Code     0  rtexit2.o(.ARM.Collect$$rtexit$$00000002)
    __rt_exit_exit                           0x0800022d   Thumb Code     0  rtexit2.o(.ARM.Collect$$rtexit$$00000004)
    Reset_Handler                            0x08000235   Thumb Code     8  startup_stm32f103xb.o(.text)
    ADC1_2_IRQHandler                        0x0800024f   Thumb Code     0  startup_stm32f103xb.o(.text)
    CAN1_RX1_IRQHandler                      0x0800024f   Thumb Code     0  startup_stm32f103xb.o(.text)
    CAN1_SCE_IRQHandler                      0x0800024f   Thumb Code     0  startup_stm32f103xb.o(.text)
    DMA1_Channel1_IRQHandler                 0x0800024f   Thumb Code     0  startup_stm32f103xb.o(.text)
    DMA1_Channel2_IRQHandler                 0x0800024f   Thumb Code     0  startup_stm32f103xb.o(.text)
    DMA1_Channel3_IRQHandler                 0x0800024f   Thumb Code     0  startup_stm32f103xb.o(.text)
    DMA1_Channel4_IRQHandler                 0x0800024f   Thumb Code     0  startup_stm32f103xb.o(.text)
    DMA1_Channel5_IRQHandler                 0x0800024f   Thumb Code     0  startup_stm32f103xb.o(.text)
    DMA1_Channel6_IRQHandler                 0x0800024f   Thumb Code     0  startup_stm32f103xb.o(.text)
    DMA1_Channel7_IRQHandler                 0x0800024f   Thumb Code     0  startup_stm32f103xb.o(.text)
    EXTI0_IRQHandler                         0x0800024f   Thumb Code     0  startup_stm32f103xb.o(.text)
    EXTI15_10_IRQHandler                     0x0800024f   Thumb Code     0  startup_stm32f103xb.o(.text)
    EXTI1_IRQHandler                         0x0800024f   Thumb Code     0  startup_stm32f103xb.o(.text)
    EXTI2_IRQHandler                         0x0800024f   Thumb Code     0  startup_stm32f103xb.o(.text)
    EXTI3_IRQHandler                         0x0800024f   Thumb Code     0  startup_stm32f103xb.o(.text)
    EXTI4_IRQHandler                         0x0800024f   Thumb Code     0  startup_stm32f103xb.o(.text)
    EXTI9_5_IRQHandler                       0x0800024f   Thumb Code     0  startup_stm32f103xb.o(.text)
    FLASH_IRQHandler                         0x0800024f   Thumb Code     0  startup_stm32f103xb.o(.text)
    I2C1_ER_IRQHandler                       0x0800024f   Thumb Code     0  startup_stm32f103xb.o(.text)
    I2C1_EV_IRQHandler                       0x0800024f   Thumb Code     0  startup_stm32f103xb.o(.text)
    I2C2_ER_IRQHandler                       0x0800024f   Thumb Code     0  startup_stm32f103xb.o(.text)
    I2C2_EV_IRQHandler                       0x0800024f   Thumb Code     0  startup_stm32f103xb.o(.text)
    PVD_IRQHandler                           0x0800024f   Thumb Code     0  startup_stm32f103xb.o(.text)
    RCC_IRQHandler                           0x0800024f   Thumb Code     0  startup_stm32f103xb.o(.text)
    RTC_Alarm_IRQHandler                     0x0800024f   Thumb Code     0  startup_stm32f103xb.o(.text)
    RTC_IRQHandler                           0x0800024f   Thumb Code     0  startup_stm32f103xb.o(.text)
    SPI1_IRQHandler                          0x0800024f   Thumb Code     0  startup_stm32f103xb.o(.text)
    SPI2_IRQHandler                          0x0800024f   Thumb Code     0  startup_stm32f103xb.o(.text)
    TAMPER_IRQHandler                        0x0800024f   Thumb Code     0  startup_stm32f103xb.o(.text)
    TIM1_BRK_IRQHandler                      0x0800024f   Thumb Code     0  startup_stm32f103xb.o(.text)
    TIM1_CC_IRQHandler                       0x0800024f   Thumb Code     0  startup_stm32f103xb.o(.text)
    TIM1_TRG_COM_IRQHandler                  0x0800024f   Thumb Code     0  startup_stm32f103xb.o(.text)
    TIM1_UP_IRQHandler                       0x0800024f   Thumb Code     0  startup_stm32f103xb.o(.text)
    TIM2_IRQHandler                          0x0800024f   Thumb Code     0  startup_stm32f103xb.o(.text)
    TIM3_IRQHandler                          0x0800024f   Thumb Code     0  startup_stm32f103xb.o(.text)
    TIM4_IRQHandler                          0x0800024f   Thumb Code     0  startup_stm32f103xb.o(.text)
    USART1_IRQHandler                        0x0800024f   Thumb Code     0  startup_stm32f103xb.o(.text)
    USART2_IRQHandler                        0x0800024f   Thumb Code     0  startup_stm32f103xb.o(.text)
    USART3_IRQHandler                        0x0800024f   Thumb Code     0  startup_stm32f103xb.o(.text)
    USBWakeUp_IRQHandler                     0x0800024f   Thumb Code     0  startup_stm32f103xb.o(.text)
    USB_HP_CAN1_TX_IRQHandler                0x0800024f   Thumb Code     0  startup_stm32f103xb.o(.text)
    USB_LP_CAN1_RX0_IRQHandler               0x0800024f   Thumb Code     0  startup_stm32f103xb.o(.text)
    WWDG_IRQHandler                          0x0800024f   Thumb Code     0  startup_stm32f103xb.o(.text)
    __user_initial_stackheap                 0x08000251   Thumb Code     0  startup_stm32f103xb.o(.text)
    vsprintf                                 0x08000275   Thumb Code    32  vsprintf.o(.text)
    __aeabi_memclr4                          0x08000299   Thumb Code     0  rt_memclr_w.o(.text)
    __aeabi_memclr8                          0x08000299   Thumb Code     0  rt_memclr_w.o(.text)
    __rt_memclr_w                            0x08000299   Thumb Code    78  rt_memclr_w.o(.text)
    _memset_w                                0x0800029d   Thumb Code     0  rt_memclr_w.o(.text)
    strcmp                                   0x080002e9   Thumb Code   128  strcmpv7m.o(.text)
    __use_two_region_memory                  0x08000369   Thumb Code     2  heapauxi.o(.text)
    __rt_heap_escrow$2region                 0x0800036b   Thumb Code     2  heapauxi.o(.text)
    __rt_heap_expand$2region                 0x0800036d   Thumb Code     2  heapauxi.o(.text)
    _printf_pre_padding                      0x0800036f   Thumb Code    44  _printf_pad.o(.text)
    _printf_post_padding                     0x0800039b   Thumb Code    34  _printf_pad.o(.text)
    _printf_truncate_signed                  0x080003bd   Thumb Code    18  _printf_truncate.o(.text)
    _printf_truncate_unsigned                0x080003cf   Thumb Code    18  _printf_truncate.o(.text)
    _printf_str                              0x080003e1   Thumb Code    82  _printf_str.o(.text)
    _printf_int_dec                          0x08000435   Thumb Code   104  _printf_dec.o(.text)
    _printf_charcount                        0x080004ad   Thumb Code    40  _printf_charcount.o(.text)
    _printf_char_common                      0x080004df   Thumb Code    32  _printf_char_common.o(.text)
    _sputc                                   0x08000505   Thumb Code    10  _sputc.o(.text)
    _printf_wctomb                           0x08000511   Thumb Code   182  _printf_wctomb.o(.text)
    _printf_longlong_dec                     0x080005cd   Thumb Code   108  _printf_longlong_dec.o(.text)
    _printf_longlong_oct                     0x08000649   Thumb Code    66  _printf_oct_int_ll.o(.text)
    _printf_int_oct                          0x0800068b   Thumb Code    24  _printf_oct_int_ll.o(.text)
    _printf_ll_oct                           0x080006a3   Thumb Code    12  _printf_oct_int_ll.o(.text)
    _printf_longlong_hex                     0x080006b9   Thumb Code    86  _printf_hex_int_ll_ptr.o(.text)
    _printf_int_hex                          0x0800070f   Thumb Code    28  _printf_hex_int_ll_ptr.o(.text)
    _printf_ll_hex                           0x0800072b   Thumb Code    12  _printf_hex_int_ll_ptr.o(.text)
    _printf_hex_ptr                          0x08000737   Thumb Code    18  _printf_hex_int_ll_ptr.o(.text)
    __printf                                 0x0800074d   Thumb Code   388  __printf_flags_ss_wp.o(.text)
    _ll_udiv10                               0x080008d5   Thumb Code   138  lludiv10.o(.text)
    _printf_int_common                       0x0800095f   Thumb Code   178  _printf_intcommon.o(.text)
    __lib_sel_fp_printf                      0x08000a11   Thumb Code     2  _printf_fp_dec.o(.text)
    _printf_fp_dec_real                      0x08000bc3   Thumb Code   620  _printf_fp_dec.o(.text)
    _printf_fp_hex_real                      0x08000e31   Thumb Code   756  _printf_fp_hex.o(.text)
    _printf_cs_common                        0x0800112d   Thumb Code    20  _printf_char.o(.text)
    _printf_char                             0x08001141   Thumb Code    16  _printf_char.o(.text)
    _printf_string                           0x08001151   Thumb Code     8  _printf_char.o(.text)
    _printf_lcs_common                       0x08001159   Thumb Code    20  _printf_wchar.o(.text)
    _printf_wchar                            0x0800116d   Thumb Code    16  _printf_wchar.o(.text)
    _printf_wstring                          0x0800117d   Thumb Code     8  _printf_wchar.o(.text)
    _wcrtomb                                 0x08001185   Thumb Code    64  _wcrtomb.o(.text)
    __user_libspace                          0x080011c5   Thumb Code     8  libspace.o(.text)
    __user_perproc_libspace                  0x080011c5   Thumb Code     0  libspace.o(.text)
    __user_perthread_libspace                0x080011c5   Thumb Code     0  libspace.o(.text)
    __user_setup_stackheap                   0x080011cd   Thumb Code    74  sys_stackheap_outer.o(.text)
    __rt_ctype_table                         0x08001219   Thumb Code    16  rt_ctype_table.o(.text)
    __rt_locale                              0x08001229   Thumb Code     8  rt_locale_intlibspace.o(.text)
    _printf_fp_infnan                        0x08001231   Thumb Code   112  _printf_fp_infnan.o(.text)
    _btod_etento                             0x080012b1   Thumb Code   224  bigflt0.o(.text)
    exit                                     0x08001395   Thumb Code    18  exit.o(.text)
    _sys_exit                                0x080013a9   Thumb Code     8  sys_exit.o(.text)
    __I$use$semihosting                      0x080013b5   Thumb Code     0  use_no_semi.o(.text)
    __use_no_semihosting_swi                 0x080013b5   Thumb Code     2  use_no_semi.o(.text)
    __semihosting_library_function           0x080013b7   Thumb Code     0  indicate_semi.o(.text)
    _btod_d2e                                0x080013b7   Thumb Code    62  btod.o(CL$$btod_d2e)
    _d2e_denorm_low                          0x080013f5   Thumb Code    70  btod.o(CL$$btod_d2e_denorm_low)
    _d2e_norm_op1                            0x0800143b   Thumb Code    96  btod.o(CL$$btod_d2e_norm_op1)
    __btod_div_common                        0x0800149b   Thumb Code   696  btod.o(CL$$btod_div_common)
    _e2e                                     0x080017d3   Thumb Code   220  btod.o(CL$$btod_e2e)
    _btod_ediv                               0x080018af   Thumb Code    42  btod.o(CL$$btod_ediv)
    _btod_emul                               0x080018d9   Thumb Code    42  btod.o(CL$$btod_emul)
    __btod_mult_common                       0x08001903   Thumb Code   580  btod.o(CL$$btod_mult_common)
    ADC_ConversionStop_Disable               0x08001b49   Thumb Code    86  stm32f1xx_hal_adc.o(i.ADC_ConversionStop_Disable)
    ADC_DMAConvCplt                          0x08001b9f   Thumb Code    78  stm32f1xx_hal_adc.o(i.ADC_DMAConvCplt)
    ADC_DMAError                             0x08001bed   Thumb Code    26  stm32f1xx_hal_adc.o(i.ADC_DMAError)
    ADC_DMAHalfConvCplt                      0x08001c07   Thumb Code    10  stm32f1xx_hal_adc.o(i.ADC_DMAHalfConvCplt)
    ADC_Enable                               0x08001c11   Thumb Code   114  stm32f1xx_hal_adc.o(i.ADC_Enable)
    BusFault_Handler                         0x08001c8d   Thumb Code     2  stm32f1xx_it.o(i.BusFault_Handler)
    Color_Wipe_NonBlocking                   0x08001c91   Thumb Code    88  super_led.o(i.Color_Wipe_NonBlocking)
    DebugMon_Handler                         0x08001d1b   Thumb Code     2  stm32f1xx_it.o(i.DebugMon_Handler)
    Error_Handler                            0x08001d1d   Thumb Code     4  main.o(i.Error_Handler)
    HAL_ADCEx_Calibration_Start              0x08001d21   Thumb Code   210  stm32f1xx_hal_adc_ex.o(i.HAL_ADCEx_Calibration_Start)
    HAL_ADC_ConfigChannel                    0x08001df9   Thumb Code   240  stm32f1xx_hal_adc.o(i.HAL_ADC_ConfigChannel)
    HAL_ADC_ConvCpltCallback                 0x08001ef5   Thumb Code     2  stm32f1xx_hal_adc.o(i.HAL_ADC_ConvCpltCallback)
    HAL_ADC_ConvHalfCpltCallback             0x08001ef7   Thumb Code     2  stm32f1xx_hal_adc.o(i.HAL_ADC_ConvHalfCpltCallback)
    HAL_ADC_ErrorCallback                    0x08001ef9   Thumb Code     2  stm32f1xx_hal_adc.o(i.HAL_ADC_ErrorCallback)
    HAL_ADC_Init                             0x08001efd   Thumb Code   272  stm32f1xx_hal_adc.o(i.HAL_ADC_Init)
    HAL_ADC_MspInit                          0x08002019   Thumb Code   122  adc.o(i.HAL_ADC_MspInit)
    HAL_ADC_Start_DMA                        0x080020a9   Thumb Code   246  stm32f1xx_hal_adc.o(i.HAL_ADC_Start_DMA)
    HAL_DMA_Init                             0x080021b5   Thumb Code    84  stm32f1xx_hal_dma.o(i.HAL_DMA_Init)
    HAL_DMA_Start_IT                         0x08002211   Thumb Code   112  stm32f1xx_hal_dma.o(i.HAL_DMA_Start_IT)
    HAL_Delay                                0x08002281   Thumb Code    32  stm32f1xx_hal.o(i.HAL_Delay)
    HAL_GPIO_Init                            0x080022a5   Thumb Code   446  stm32f1xx_hal_gpio.o(i.HAL_GPIO_Init)
    HAL_GPIO_ReadPin                         0x08002485   Thumb Code    10  stm32f1xx_hal_gpio.o(i.HAL_GPIO_ReadPin)
    HAL_GPIO_WritePin                        0x0800248f   Thumb Code    10  stm32f1xx_hal_gpio.o(i.HAL_GPIO_WritePin)
    HAL_GetTick                              0x08002499   Thumb Code     6  stm32f1xx_hal.o(i.HAL_GetTick)
    HAL_IncTick                              0x080024a5   Thumb Code    12  stm32f1xx_hal.o(i.HAL_IncTick)
    HAL_Init                                 0x080024b5   Thumb Code    32  stm32f1xx_hal.o(i.HAL_Init)
    HAL_InitTick                             0x080024d9   Thumb Code    54  stm32f1xx_hal.o(i.HAL_InitTick)
    HAL_MspInit                              0x08002519   Thumb Code    52  stm32f1xx_hal_msp.o(i.HAL_MspInit)
    HAL_NVIC_SetPriority                     0x08002555   Thumb Code    60  stm32f1xx_hal_cortex.o(i.HAL_NVIC_SetPriority)
    HAL_NVIC_SetPriorityGrouping             0x08002595   Thumb Code    26  stm32f1xx_hal_cortex.o(i.HAL_NVIC_SetPriorityGrouping)
    HAL_RCCEx_GetPeriphCLKFreq               0x080025b9   Thumb Code   148  stm32f1xx_hal_rcc_ex.o(i.HAL_RCCEx_GetPeriphCLKFreq)
    HAL_RCCEx_PeriphCLKConfig                0x0800265d   Thumb Code   224  stm32f1xx_hal_rcc_ex.o(i.HAL_RCCEx_PeriphCLKConfig)
    HAL_RCC_ClockConfig                      0x08002749   Thumb Code   280  stm32f1xx_hal_rcc.o(i.HAL_RCC_ClockConfig)
    HAL_RCC_GetPCLK1Freq                     0x08002875   Thumb Code    20  stm32f1xx_hal_rcc.o(i.HAL_RCC_GetPCLK1Freq)
    HAL_RCC_GetPCLK2Freq                     0x08002895   Thumb Code    20  stm32f1xx_hal_rcc.o(i.HAL_RCC_GetPCLK2Freq)
    HAL_RCC_GetSysClockFreq                  0x080028b5   Thumb Code    58  stm32f1xx_hal_rcc.o(i.HAL_RCC_GetSysClockFreq)
    HAL_RCC_OscConfig                        0x08002901   Thumb Code   778  stm32f1xx_hal_rcc.o(i.HAL_RCC_OscConfig)
    HAL_SYSTICK_Config                       0x08002c21   Thumb Code    40  stm32f1xx_hal_cortex.o(i.HAL_SYSTICK_Config)
    HAL_TIMEx_ConfigBreakDeadTime            0x08002c49   Thumb Code    84  stm32f1xx_hal_tim_ex.o(i.HAL_TIMEx_ConfigBreakDeadTime)
    HAL_TIMEx_MasterConfigSynchronization    0x08002c9d   Thumb Code    92  stm32f1xx_hal_tim_ex.o(i.HAL_TIMEx_MasterConfigSynchronization)
    HAL_TIM_Base_Init                        0x08002d05   Thumb Code    90  stm32f1xx_hal_tim.o(i.HAL_TIM_Base_Init)
    HAL_TIM_Base_MspInit                     0x08002d61   Thumb Code   104  tim.o(i.HAL_TIM_Base_MspInit)
    HAL_TIM_ConfigClockSource                0x08002ddd   Thumb Code   220  stm32f1xx_hal_tim.o(i.HAL_TIM_ConfigClockSource)
    HAL_TIM_ErrorCallback                    0x08002eb9   Thumb Code     2  stm32f1xx_hal_tim.o(i.HAL_TIM_ErrorCallback)
    HAL_TIM_MspPostInit                      0x08002ebd   Thumb Code   100  tim.o(i.HAL_TIM_MspPostInit)
    HAL_TIM_PWM_ConfigChannel                0x08002f35   Thumb Code   204  stm32f1xx_hal_tim.o(i.HAL_TIM_PWM_ConfigChannel)
    HAL_TIM_PWM_Init                         0x08003001   Thumb Code    90  stm32f1xx_hal_tim.o(i.HAL_TIM_PWM_Init)
    HAL_TIM_PWM_MspInit                      0x0800305b   Thumb Code     2  stm32f1xx_hal_tim.o(i.HAL_TIM_PWM_MspInit)
    HAL_TIM_PWM_PulseFinishedCallback        0x0800305d   Thumb Code     2  stm32f1xx_hal_tim.o(i.HAL_TIM_PWM_PulseFinishedCallback)
    HAL_TIM_PWM_PulseFinishedHalfCpltCallback 0x0800305f   Thumb Code     2  stm32f1xx_hal_tim.o(i.HAL_TIM_PWM_PulseFinishedHalfCpltCallback)
    HAL_TIM_PWM_Start                        0x08003061   Thumb Code   144  stm32f1xx_hal_tim.o(i.HAL_TIM_PWM_Start)
    HAL_TIM_PWM_Start_DMA                    0x080030fd   Thumb Code   378  stm32f1xx_hal_tim.o(i.HAL_TIM_PWM_Start_DMA)
    HAL_UART_Init                            0x08003291   Thumb Code   100  stm32f1xx_hal_uart.o(i.HAL_UART_Init)
    HAL_UART_MspInit                         0x080032f5   Thumb Code   100  usart.o(i.HAL_UART_MspInit)
    HardFault_Handler                        0x08003365   Thumb Code     2  stm32f1xx_it.o(i.HardFault_Handler)
    MX_ADC1_Init                             0x08003369   Thumb Code   112  adc.o(i.MX_ADC1_Init)
    MX_DMA_Init                              0x080033e1   Thumb Code    22  dma.o(i.MX_DMA_Init)
    MX_GPIO_Init                             0x080033fd   Thumb Code   240  gpio.o(i.MX_GPIO_Init)
    MX_TIM1_Init                             0x080034f9   Thumb Code   210  tim.o(i.MX_TIM1_Init)
    MX_TIM4_Init                             0x080035d5   Thumb Code   140  tim.o(i.MX_TIM4_Init)
    MX_USART3_UART_Init                      0x08003669   Thumb Code    48  usart.o(i.MX_USART3_UART_Init)
    MemManage_Handler                        0x080036a1   Thumb Code     2  stm32f1xx_it.o(i.MemManage_Handler)
    NMI_Handler                              0x080036a3   Thumb Code     2  stm32f1xx_it.o(i.NMI_Handler)
    OLED_Clear                               0x080036a5   Thumb Code    34  oled.o(i.OLED_Clear)
    OLED_ClearArea                           0x080036cd   Thumb Code    86  oled.o(i.OLED_ClearArea)
    OLED_GPIO_Init                           0x08003729   Thumb Code    64  oled.o(i.OLED_GPIO_Init)
    OLED_I2C_SendByte                        0x08003771   Thumb Code    58  oled.o(i.OLED_I2C_SendByte)
    OLED_I2C_Start                           0x080037ab   Thumb Code    30  oled.o(i.OLED_I2C_Start)
    OLED_I2C_Stop                            0x080037c9   Thumb Code    24  oled.o(i.OLED_I2C_Stop)
    OLED_Init                                0x080037e1   Thumb Code   156  oled.o(i.OLED_Init)
    OLED_Printf                              0x0800387d   Thumb Code    42  oled.o(i.OLED_Printf)
    OLED_SetCursor                           0x080038a7   Thumb Code    34  oled.o(i.OLED_SetCursor)
    OLED_ShowChar                            0x080038c9   Thumb Code    52  oled.o(i.OLED_ShowChar)
    OLED_ShowImage                           0x08003905   Thumb Code   182  oled.o(i.OLED_ShowImage)
    OLED_ShowString                          0x080039c1   Thumb Code   356  oled.o(i.OLED_ShowString)
    OLED_Update                              0x08003b2d   Thumb Code    34  oled.o(i.OLED_Update)
    OLED_W_SCL                               0x08003b55   Thumb Code    10  oled.o(i.OLED_W_SCL)
    OLED_W_SDA                               0x08003b65   Thumb Code    10  oled.o(i.OLED_W_SDA)
    OLED_WriteCommand                        0x08003b75   Thumb Code    34  oled.o(i.OLED_WriteCommand)
    OLED_WriteData                           0x08003b97   Thumb Code    48  oled.o(i.OLED_WriteData)
    PendSV_Handler                           0x08003bc7   Thumb Code     2  stm32f1xx_it.o(i.PendSV_Handler)
    SVC_Handler                              0x08003bc9   Thumb Code     2  stm32f1xx_it.o(i.SVC_Handler)
    SysTick_Handler                          0x08003bcb   Thumb Code     4  stm32f1xx_it.o(i.SysTick_Handler)
    SystemClock_Config                       0x08003bcf   Thumb Code   120  main.o(i.SystemClock_Config)
    SystemInit                               0x08003c47   Thumb Code     2  system_stm32f1xx.o(i.SystemInit)
    TIM_Base_SetConfig                       0x08003c49   Thumb Code   108  stm32f1xx_hal_tim.o(i.TIM_Base_SetConfig)
    TIM_CCxChannelCmd                        0x08003cc1   Thumb Code    26  stm32f1xx_hal_tim.o(i.TIM_CCxChannelCmd)
    TIM_DMADelayPulseHalfCplt                0x08003d39   Thumb Code    56  stm32f1xx_hal_tim.o(i.TIM_DMADelayPulseHalfCplt)
    TIM_DMAError                             0x08003d71   Thumb Code    84  stm32f1xx_hal_tim.o(i.TIM_DMAError)
    TIM_ETR_SetConfig                        0x08003dc5   Thumb Code    20  stm32f1xx_hal_tim.o(i.TIM_ETR_SetConfig)
    TIM_OC2_SetConfig                        0x08003e39   Thumb Code    84  stm32f1xx_hal_tim.o(i.TIM_OC2_SetConfig)
    UsageFault_Handler                       0x0800402d   Thumb Code     2  stm32f1xx_it.o(i.UsageFault_Handler)
    __ARM_fpclassify                         0x0800402f   Thumb Code    40  fpclassify.o(i.__ARM_fpclassify)
    _is_digit                                0x08004077   Thumb Code    14  __printf_wp.o(i._is_digit)
    main                                     0x08004085   Thumb Code   660  main.o(i.main)
    motor_control                            0x08004359   Thumb Code    38  motor.o(i.motor_control)
    motor_init                               0x08004385   Thumb Code    22  motor.o(i.motor_init)
    super_led_engine                         0x080043a1   Thumb Code    56  super_led.o(i.super_led_engine)
    super_led_init                           0x080043dd   Thumb Code    62  super_led.o(i.super_led_init)
    super_led_set_single                     0x08004425   Thumb Code    62  super_led.o(i.super_led_set_single)
    super_led_set_whole                      0x08004469   Thumb Code    32  super_led.o(i.super_led_set_whole)
    _get_lc_numeric                          0x08004489   Thumb Code    44  lc_numeric_c.o(locale$$code)
    _get_lc_ctype                            0x080044b5   Thumb Code    44  lc_ctype_c.o(locale$$code)
    _printf_fp_dec                           0x080044e1   Thumb Code     4  printf1.o(x$fpl$printf1)
    _printf_fp_hex                           0x080044e5   Thumb Code     4  printf2.o(x$fpl$printf2)
    __I$use$fp                               0x080044e8   Number         0  usenofp.o(x$fpl$usenofp)
    AHBPrescTable                            0x0800450c   Data          16  system_stm32f1xx.o(.constdata)
    APBPrescTable                            0x0800451c   Data           8  system_stm32f1xx.o(.constdata)
    OLED_F8x16                               0x08004524   Data        1520  oled_data.o(.constdata)
    OLED_F6x8                                0x08004b14   Data         570  oled_data.o(.constdata)
    OLED_CF16x16                             0x08004d4e   Data          37  oled_data.o(.constdata)
    Region$$Table$$Base                      0x08004e8c   Number         0  anon$$obj.o(Region$$Table)
    Region$$Table$$Limit                     0x08004eac   Number         0  anon$$obj.o(Region$$Table)
    __ctype                                  0x08004ed5   Data           0  lc_ctype_c.o(locale$$data)
    duty_cycle                               0x20000000   Data           1  main.o(.data)
    filtered_duty_cycle                      0x20000001   Data           1  main.o(.data)
    gas                                      0x20000002   Data           1  main.o(.data)
    last_duty_cycle                          0x20000003   Data           1  main.o(.data)
    filtered_accum                           0x20000004   Data           2  main.o(.data)
    tail_light_tick                          0x20000008   Data           4  main.o(.data)
    ADC_value                                0x2000000c   Data           6  main.o(.data)
    uwTickFreq                               0x20000014   Data           1  stm32f1xx_hal.o(.data)
    uwTickPrio                               0x20000018   Data           4  stm32f1xx_hal.o(.data)
    uwTick                                   0x2000001c   Data           4  stm32f1xx_hal.o(.data)
    SystemCoreClock                          0x20000020   Data           4  system_stm32f1xx.o(.data)
    g_led_delay                              0x20000024   Data           1  super_led.o(.data)
    g_engine_speed                           0x20000025   Data           1  super_led.o(.data)
    g_engine_delay                           0x20000026   Data           1  super_led.o(.data)
    hadc1                                    0x20000034   Data          48  adc.o(.bss)
    hdma_adc1                                0x20000064   Data          68  adc.o(.bss)
    htim1                                    0x200000a8   Data          72  tim.o(.bss)
    htim4                                    0x200000f0   Data          72  tim.o(.bss)
    hdma_tim4_ch3                            0x20000138   Data          68  tim.o(.bss)
    huart3                                   0x2000017c   Data          72  usart.o(.bss)
    OLED_DisplayBuf                          0x200001c4   Data        1024  oled.o(.bss)
    dma_buffer                               0x200005c4   Data        7700  super_led.o(.bss)
    __libspace_start                         0x200023d8   Data          96  libspace.o(.bss)
    __temporary_stack_top$libspace           0x20002438   Data           0  libspace.o(.bss)



==============================================================================

Memory Map of the image

  Image Entry point : 0x080000ed

  Load Region LR_IROM1 (Base: 0x08000000, Size: 0x0000500c, Max: 0x00010000, ABSOLUTE)

    Execution Region ER_IROM1 (Exec base: 0x08000000, Load base: 0x08000000, Size: 0x00004fd8, Max: 0x00010000, ABSOLUTE)

    Exec Addr    Load Addr    Size         Type   Attr      Idx    E Section Name        Object

    0x08000000   0x08000000   0x000000ec   Data   RO            3    RESET               startup_stm32f103xb.o
    0x080000ec   0x080000ec   0x00000008   Code   RO         3486  * !!!main             c_w.l(__main.o)
    0x080000f4   0x080000f4   0x00000034   Code   RO         3917    !!!scatter          c_w.l(__scatter.o)
    0x08000128   0x08000128   0x0000001a   Code   RO         3919    !!handler_copy      c_w.l(__scatter_copy.o)
    0x08000142   0x08000142   0x00000002   PAD
    0x08000144   0x08000144   0x0000001c   Code   RO         3921    !!handler_zi        c_w.l(__scatter_zi.o)
    0x08000160   0x08000160   0x00000000   Code   RO         3626    .ARM.Collect$$_printf_percent$$00000000  c_w.l(_printf_percent.o)
    0x08000160   0x08000160   0x00000006   Code   RO         3615    .ARM.Collect$$_printf_percent$$00000001  c_w.l(_printf_n.o)
    0x08000166   0x08000166   0x00000006   Code   RO         3617    .ARM.Collect$$_printf_percent$$00000002  c_w.l(_printf_p.o)
    0x0800016c   0x0800016c   0x00000006   Code   RO         3622    .ARM.Collect$$_printf_percent$$00000003  c_w.l(_printf_f.o)
    0x08000172   0x08000172   0x00000006   Code   RO         3623    .ARM.Collect$$_printf_percent$$00000004  c_w.l(_printf_e.o)
    0x08000178   0x08000178   0x00000006   Code   RO         3624    .ARM.Collect$$_printf_percent$$00000005  c_w.l(_printf_g.o)
    0x0800017e   0x0800017e   0x00000006   Code   RO         3625    .ARM.Collect$$_printf_percent$$00000006  c_w.l(_printf_a.o)
    0x08000184   0x08000184   0x0000000a   Code   RO         3630    .ARM.Collect$$_printf_percent$$00000007  c_w.l(_printf_ll.o)
    0x0800018e   0x0800018e   0x00000006   Code   RO         3619    .ARM.Collect$$_printf_percent$$00000008  c_w.l(_printf_i.o)
    0x08000194   0x08000194   0x00000006   Code   RO         3620    .ARM.Collect$$_printf_percent$$00000009  c_w.l(_printf_d.o)
    0x0800019a   0x0800019a   0x00000006   Code   RO         3621    .ARM.Collect$$_printf_percent$$0000000A  c_w.l(_printf_u.o)
    0x080001a0   0x080001a0   0x00000006   Code   RO         3618    .ARM.Collect$$_printf_percent$$0000000B  c_w.l(_printf_o.o)
    0x080001a6   0x080001a6   0x00000006   Code   RO         3616    .ARM.Collect$$_printf_percent$$0000000C  c_w.l(_printf_x.o)
    0x080001ac   0x080001ac   0x00000006   Code   RO         3627    .ARM.Collect$$_printf_percent$$0000000D  c_w.l(_printf_lli.o)
    0x080001b2   0x080001b2   0x00000006   Code   RO         3628    .ARM.Collect$$_printf_percent$$0000000E  c_w.l(_printf_lld.o)
    0x080001b8   0x080001b8   0x00000006   Code   RO         3629    .ARM.Collect$$_printf_percent$$0000000F  c_w.l(_printf_llu.o)
    0x080001be   0x080001be   0x00000006   Code   RO         3634    .ARM.Collect$$_printf_percent$$00000010  c_w.l(_printf_llo.o)
    0x080001c4   0x080001c4   0x00000006   Code   RO         3635    .ARM.Collect$$_printf_percent$$00000011  c_w.l(_printf_llx.o)
    0x080001ca   0x080001ca   0x0000000a   Code   RO         3631    .ARM.Collect$$_printf_percent$$00000012  c_w.l(_printf_l.o)
    0x080001d4   0x080001d4   0x00000006   Code   RO         3613    .ARM.Collect$$_printf_percent$$00000013  c_w.l(_printf_c.o)
    0x080001da   0x080001da   0x00000006   Code   RO         3614    .ARM.Collect$$_printf_percent$$00000014  c_w.l(_printf_s.o)
    0x080001e0   0x080001e0   0x00000006   Code   RO         3632    .ARM.Collect$$_printf_percent$$00000015  c_w.l(_printf_lc.o)
    0x080001e6   0x080001e6   0x00000006   Code   RO         3633    .ARM.Collect$$_printf_percent$$00000016  c_w.l(_printf_ls.o)
    0x080001ec   0x080001ec   0x00000004   Code   RO         3719    .ARM.Collect$$_printf_percent$$00000017  c_w.l(_printf_percent_end.o)
    0x080001f0   0x080001f0   0x00000002   Code   RO         3777    .ARM.Collect$$libinit$$00000000  c_w.l(libinit.o)
    0x080001f2   0x080001f2   0x00000000   Code   RO         3788    .ARM.Collect$$libinit$$00000002  c_w.l(libinit2.o)
    0x080001f2   0x080001f2   0x00000000   Code   RO         3790    .ARM.Collect$$libinit$$00000004  c_w.l(libinit2.o)
    0x080001f2   0x080001f2   0x00000000   Code   RO         3793    .ARM.Collect$$libinit$$0000000A  c_w.l(libinit2.o)
    0x080001f2   0x080001f2   0x00000000   Code   RO         3795    .ARM.Collect$$libinit$$0000000C  c_w.l(libinit2.o)
    0x080001f2   0x080001f2   0x00000000   Code   RO         3797    .ARM.Collect$$libinit$$0000000E  c_w.l(libinit2.o)
    0x080001f2   0x080001f2   0x00000006   Code   RO         3798    .ARM.Collect$$libinit$$0000000F  c_w.l(libinit2.o)
    0x080001f8   0x080001f8   0x00000000   Code   RO         3800    .ARM.Collect$$libinit$$00000011  c_w.l(libinit2.o)
    0x080001f8   0x080001f8   0x0000000c   Code   RO         3801    .ARM.Collect$$libinit$$00000012  c_w.l(libinit2.o)
    0x08000204   0x08000204   0x00000000   Code   RO         3802    .ARM.Collect$$libinit$$00000013  c_w.l(libinit2.o)
    0x08000204   0x08000204   0x00000000   Code   RO         3804    .ARM.Collect$$libinit$$00000015  c_w.l(libinit2.o)
    0x08000204   0x08000204   0x0000000a   Code   RO         3805    .ARM.Collect$$libinit$$00000016  c_w.l(libinit2.o)
    0x0800020e   0x0800020e   0x00000000   Code   RO         3806    .ARM.Collect$$libinit$$00000017  c_w.l(libinit2.o)
    0x0800020e   0x0800020e   0x00000000   Code   RO         3808    .ARM.Collect$$libinit$$00000019  c_w.l(libinit2.o)
    0x0800020e   0x0800020e   0x00000000   Code   RO         3810    .ARM.Collect$$libinit$$0000001B  c_w.l(libinit2.o)
    0x0800020e   0x0800020e   0x00000000   Code   RO         3812    .ARM.Collect$$libinit$$0000001D  c_w.l(libinit2.o)
    0x0800020e   0x0800020e   0x00000000   Code   RO         3814    .ARM.Collect$$libinit$$0000001F  c_w.l(libinit2.o)
    0x0800020e   0x0800020e   0x00000000   Code   RO         3816    .ARM.Collect$$libinit$$00000021  c_w.l(libinit2.o)
    0x0800020e   0x0800020e   0x00000000   Code   RO         3818    .ARM.Collect$$libinit$$00000023  c_w.l(libinit2.o)
    0x0800020e   0x0800020e   0x00000000   Code   RO         3820    .ARM.Collect$$libinit$$00000025  c_w.l(libinit2.o)
    0x0800020e   0x0800020e   0x00000000   Code   RO         3824    .ARM.Collect$$libinit$$0000002C  c_w.l(libinit2.o)
    0x0800020e   0x0800020e   0x00000000   Code   RO         3826    .ARM.Collect$$libinit$$0000002E  c_w.l(libinit2.o)
    0x0800020e   0x0800020e   0x00000000   Code   RO         3828    .ARM.Collect$$libinit$$00000030  c_w.l(libinit2.o)
    0x0800020e   0x0800020e   0x00000000   Code   RO         3830    .ARM.Collect$$libinit$$00000032  c_w.l(libinit2.o)
    0x0800020e   0x0800020e   0x00000002   Code   RO         3831    .ARM.Collect$$libinit$$00000033  c_w.l(libinit2.o)
    0x08000210   0x08000210   0x00000002   Code   RO         3855    .ARM.Collect$$libshutdown$$00000000  c_w.l(libshutdown.o)
    0x08000212   0x08000212   0x00000000   Code   RO         3868    .ARM.Collect$$libshutdown$$00000002  c_w.l(libshutdown2.o)
    0x08000212   0x08000212   0x00000000   Code   RO         3870    .ARM.Collect$$libshutdown$$00000004  c_w.l(libshutdown2.o)
    0x08000212   0x08000212   0x00000000   Code   RO         3872    .ARM.Collect$$libshutdown$$00000006  c_w.l(libshutdown2.o)
    0x08000212   0x08000212   0x00000000   Code   RO         3875    .ARM.Collect$$libshutdown$$00000009  c_w.l(libshutdown2.o)
    0x08000212   0x08000212   0x00000000   Code   RO         3878    .ARM.Collect$$libshutdown$$0000000C  c_w.l(libshutdown2.o)
    0x08000212   0x08000212   0x00000000   Code   RO         3880    .ARM.Collect$$libshutdown$$0000000E  c_w.l(libshutdown2.o)
    0x08000212   0x08000212   0x00000000   Code   RO         3883    .ARM.Collect$$libshutdown$$00000011  c_w.l(libshutdown2.o)
    0x08000212   0x08000212   0x00000002   Code   RO         3884    .ARM.Collect$$libshutdown$$00000012  c_w.l(libshutdown2.o)
    0x08000214   0x08000214   0x00000000   Code   RO         3542    .ARM.Collect$$rtentry$$00000000  c_w.l(__rtentry.o)
    0x08000214   0x08000214   0x00000000   Code   RO         3685    .ARM.Collect$$rtentry$$00000002  c_w.l(__rtentry2.o)
    0x08000214   0x08000214   0x00000006   Code   RO         3697    .ARM.Collect$$rtentry$$00000004  c_w.l(__rtentry4.o)
    0x0800021a   0x0800021a   0x00000000   Code   RO         3687    .ARM.Collect$$rtentry$$00000009  c_w.l(__rtentry2.o)
    0x0800021a   0x0800021a   0x00000004   Code   RO         3688    .ARM.Collect$$rtentry$$0000000A  c_w.l(__rtentry2.o)
    0x0800021e   0x0800021e   0x00000000   Code   RO         3690    .ARM.Collect$$rtentry$$0000000C  c_w.l(__rtentry2.o)
    0x0800021e   0x0800021e   0x00000008   Code   RO         3691    .ARM.Collect$$rtentry$$0000000D  c_w.l(__rtentry2.o)
    0x08000226   0x08000226   0x00000002   Code   RO         3782    .ARM.Collect$$rtexit$$00000000  c_w.l(rtexit.o)
    0x08000228   0x08000228   0x00000000   Code   RO         3835    .ARM.Collect$$rtexit$$00000002  c_w.l(rtexit2.o)
    0x08000228   0x08000228   0x00000004   Code   RO         3836    .ARM.Collect$$rtexit$$00000003  c_w.l(rtexit2.o)
    0x0800022c   0x0800022c   0x00000006   Code   RO         3837    .ARM.Collect$$rtexit$$00000004  c_w.l(rtexit2.o)
    0x08000232   0x08000232   0x00000002   PAD
    0x08000234   0x08000234   0x00000040   Code   RO            4    .text               startup_stm32f103xb.o
    0x08000274   0x08000274   0x00000024   Code   RO         3478    .text               c_w.l(vsprintf.o)
    0x08000298   0x08000298   0x0000004e   Code   RO         3480    .text               c_w.l(rt_memclr_w.o)
    0x080002e6   0x080002e6   0x00000002   PAD
    0x080002e8   0x080002e8   0x00000080   Code   RO         3482    .text               c_w.l(strcmpv7m.o)
    0x08000368   0x08000368   0x00000006   Code   RO         3484    .text               c_w.l(heapauxi.o)
    0x0800036e   0x0800036e   0x0000004e   Code   RO         3547    .text               c_w.l(_printf_pad.o)
    0x080003bc   0x080003bc   0x00000024   Code   RO         3549    .text               c_w.l(_printf_truncate.o)
    0x080003e0   0x080003e0   0x00000052   Code   RO         3551    .text               c_w.l(_printf_str.o)
    0x08000432   0x08000432   0x00000002   PAD
    0x08000434   0x08000434   0x00000078   Code   RO         3553    .text               c_w.l(_printf_dec.o)
    0x080004ac   0x080004ac   0x00000028   Code   RO         3555    .text               c_w.l(_printf_charcount.o)
    0x080004d4   0x080004d4   0x00000030   Code   RO         3557    .text               c_w.l(_printf_char_common.o)
    0x08000504   0x08000504   0x0000000a   Code   RO         3559    .text               c_w.l(_sputc.o)
    0x0800050e   0x0800050e   0x00000002   PAD
    0x08000510   0x08000510   0x000000bc   Code   RO         3561    .text               c_w.l(_printf_wctomb.o)
    0x080005cc   0x080005cc   0x0000007c   Code   RO         3564    .text               c_w.l(_printf_longlong_dec.o)
    0x08000648   0x08000648   0x00000070   Code   RO         3570    .text               c_w.l(_printf_oct_int_ll.o)
    0x080006b8   0x080006b8   0x00000094   Code   RO         3590    .text               c_w.l(_printf_hex_int_ll_ptr.o)
    0x0800074c   0x0800074c   0x00000188   Code   RO         3610    .text               c_w.l(__printf_flags_ss_wp.o)
    0x080008d4   0x080008d4   0x0000008a   Code   RO         3704    .text               c_w.l(lludiv10.o)
    0x0800095e   0x0800095e   0x000000b2   Code   RO         3706    .text               c_w.l(_printf_intcommon.o)
    0x08000a10   0x08000a10   0x0000041e   Code   RO         3708    .text               c_w.l(_printf_fp_dec.o)
    0x08000e2e   0x08000e2e   0x00000002   PAD
    0x08000e30   0x08000e30   0x000002fc   Code   RO         3710    .text               c_w.l(_printf_fp_hex.o)
    0x0800112c   0x0800112c   0x0000002c   Code   RO         3715    .text               c_w.l(_printf_char.o)
    0x08001158   0x08001158   0x0000002c   Code   RO         3717    .text               c_w.l(_printf_wchar.o)
    0x08001184   0x08001184   0x00000040   Code   RO         3720    .text               c_w.l(_wcrtomb.o)
    0x080011c4   0x080011c4   0x00000008   Code   RO         3728    .text               c_w.l(libspace.o)
    0x080011cc   0x080011cc   0x0000004a   Code   RO         3731    .text               c_w.l(sys_stackheap_outer.o)
    0x08001216   0x08001216   0x00000002   PAD
    0x08001218   0x08001218   0x00000010   Code   RO         3733    .text               c_w.l(rt_ctype_table.o)
    0x08001228   0x08001228   0x00000008   Code   RO         3738    .text               c_w.l(rt_locale_intlibspace.o)
    0x08001230   0x08001230   0x00000080   Code   RO         3740    .text               c_w.l(_printf_fp_infnan.o)
    0x080012b0   0x080012b0   0x000000e4   Code   RO         3742    .text               c_w.l(bigflt0.o)
    0x08001394   0x08001394   0x00000012   Code   RO         3770    .text               c_w.l(exit.o)
    0x080013a6   0x080013a6   0x00000002   PAD
    0x080013a8   0x080013a8   0x0000000c   Code   RO         3847    .text               c_w.l(sys_exit.o)
    0x080013b4   0x080013b4   0x00000002   Code   RO         3858    .text               c_w.l(use_no_semi.o)
    0x080013b6   0x080013b6   0x00000000   Code   RO         3860    .text               c_w.l(indicate_semi.o)
    0x080013b6   0x080013b6   0x0000003e   Code   RO         3745    CL$$btod_d2e        c_w.l(btod.o)
    0x080013f4   0x080013f4   0x00000046   Code   RO         3747    CL$$btod_d2e_denorm_low  c_w.l(btod.o)
    0x0800143a   0x0800143a   0x00000060   Code   RO         3746    CL$$btod_d2e_norm_op1  c_w.l(btod.o)
    0x0800149a   0x0800149a   0x00000338   Code   RO         3755    CL$$btod_div_common  c_w.l(btod.o)
    0x080017d2   0x080017d2   0x000000dc   Code   RO         3752    CL$$btod_e2e        c_w.l(btod.o)
    0x080018ae   0x080018ae   0x0000002a   Code   RO         3749    CL$$btod_ediv       c_w.l(btod.o)
    0x080018d8   0x080018d8   0x0000002a   Code   RO         3748    CL$$btod_emul       c_w.l(btod.o)
    0x08001902   0x08001902   0x00000244   Code   RO         3754    CL$$btod_mult_common  c_w.l(btod.o)
    0x08001b46   0x08001b46   0x00000002   PAD
    0x08001b48   0x08001b48   0x00000056   Code   RO          499    i.ADC_ConversionStop_Disable  stm32f1xx_hal_adc.o
    0x08001b9e   0x08001b9e   0x0000004e   Code   RO          500    i.ADC_DMAConvCplt   stm32f1xx_hal_adc.o
    0x08001bec   0x08001bec   0x0000001a   Code   RO          501    i.ADC_DMAError      stm32f1xx_hal_adc.o
    0x08001c06   0x08001c06   0x0000000a   Code   RO          502    i.ADC_DMAHalfConvCplt  stm32f1xx_hal_adc.o
    0x08001c10   0x08001c10   0x0000007c   Code   RO          503    i.ADC_Enable        stm32f1xx_hal_adc.o
    0x08001c8c   0x08001c8c   0x00000002   Code   RO          364    i.BusFault_Handler  stm32f1xx_it.o
    0x08001c8e   0x08001c8e   0x00000002   PAD
    0x08001c90   0x08001c90   0x00000060   Code   RO         3421    i.Color_Wipe_NonBlocking  super_led.o
    0x08001cf0   0x08001cf0   0x0000002a   Code   RO         1155    i.DMA_SetConfig     stm32f1xx_hal_dma.o
    0x08001d1a   0x08001d1a   0x00000002   Code   RO          365    i.DebugMon_Handler  stm32f1xx_it.o
    0x08001d1c   0x08001d1c   0x00000004   Code   RO           13    i.Error_Handler     main.o
    0x08001d20   0x08001d20   0x000000d8   Code   RO          679    i.HAL_ADCEx_Calibration_Start  stm32f1xx_hal_adc_ex.o
    0x08001df8   0x08001df8   0x000000fc   Code   RO          505    i.HAL_ADC_ConfigChannel  stm32f1xx_hal_adc.o
    0x08001ef4   0x08001ef4   0x00000002   Code   RO          506    i.HAL_ADC_ConvCpltCallback  stm32f1xx_hal_adc.o
    0x08001ef6   0x08001ef6   0x00000002   Code   RO          507    i.HAL_ADC_ConvHalfCpltCallback  stm32f1xx_hal_adc.o
    0x08001ef8   0x08001ef8   0x00000002   Code   RO          509    i.HAL_ADC_ErrorCallback  stm32f1xx_hal_adc.o
    0x08001efa   0x08001efa   0x00000002   PAD
    0x08001efc   0x08001efc   0x0000011c   Code   RO          514    i.HAL_ADC_Init      stm32f1xx_hal_adc.o
    0x08002018   0x08002018   0x00000090   Code   RO          203    i.HAL_ADC_MspInit   adc.o
    0x080020a8   0x080020a8   0x0000010c   Code   RO          521    i.HAL_ADC_Start_DMA  stm32f1xx_hal_adc.o
    0x080021b4   0x080021b4   0x0000005c   Code   RO         1162    i.HAL_DMA_Init      stm32f1xx_hal_dma.o
    0x08002210   0x08002210   0x00000070   Code   RO         1166    i.HAL_DMA_Start_IT  stm32f1xx_hal_dma.o
    0x08002280   0x08002280   0x00000024   Code   RO          782    i.HAL_Delay         stm32f1xx_hal.o
    0x080022a4   0x080022a4   0x000001e0   Code   RO         1092    i.HAL_GPIO_Init     stm32f1xx_hal_gpio.o
    0x08002484   0x08002484   0x0000000a   Code   RO         1094    i.HAL_GPIO_ReadPin  stm32f1xx_hal_gpio.o
    0x0800248e   0x0800248e   0x0000000a   Code   RO         1096    i.HAL_GPIO_WritePin  stm32f1xx_hal_gpio.o
    0x08002498   0x08002498   0x0000000c   Code   RO          786    i.HAL_GetTick       stm32f1xx_hal.o
    0x080024a4   0x080024a4   0x00000010   Code   RO          792    i.HAL_IncTick       stm32f1xx_hal.o
    0x080024b4   0x080024b4   0x00000024   Code   RO          793    i.HAL_Init          stm32f1xx_hal.o
    0x080024d8   0x080024d8   0x00000040   Code   RO          794    i.HAL_InitTick      stm32f1xx_hal.o
    0x08002518   0x08002518   0x0000003c   Code   RO          439    i.HAL_MspInit       stm32f1xx_hal_msp.o
    0x08002554   0x08002554   0x00000040   Code   RO         1258    i.HAL_NVIC_SetPriority  stm32f1xx_hal_cortex.o
    0x08002594   0x08002594   0x00000024   Code   RO         1259    i.HAL_NVIC_SetPriorityGrouping  stm32f1xx_hal_cortex.o
    0x080025b8   0x080025b8   0x000000a4   Code   RO         1053    i.HAL_RCCEx_GetPeriphCLKFreq  stm32f1xx_hal_rcc_ex.o
    0x0800265c   0x0800265c   0x000000ec   Code   RO         1054    i.HAL_RCCEx_PeriphCLKConfig  stm32f1xx_hal_rcc_ex.o
    0x08002748   0x08002748   0x0000012c   Code   RO          950    i.HAL_RCC_ClockConfig  stm32f1xx_hal_rcc.o
    0x08002874   0x08002874   0x00000020   Code   RO          957    i.HAL_RCC_GetPCLK1Freq  stm32f1xx_hal_rcc.o
    0x08002894   0x08002894   0x00000020   Code   RO          958    i.HAL_RCC_GetPCLK2Freq  stm32f1xx_hal_rcc.o
    0x080028b4   0x080028b4   0x0000004c   Code   RO          959    i.HAL_RCC_GetSysClockFreq  stm32f1xx_hal_rcc.o
    0x08002900   0x08002900   0x00000320   Code   RO          962    i.HAL_RCC_OscConfig  stm32f1xx_hal_rcc.o
    0x08002c20   0x08002c20   0x00000028   Code   RO         1263    i.HAL_SYSTICK_Config  stm32f1xx_hal_cortex.o
    0x08002c48   0x08002c48   0x00000054   Code   RO         2461    i.HAL_TIMEx_ConfigBreakDeadTime  stm32f1xx_hal_tim_ex.o
    0x08002c9c   0x08002c9c   0x00000068   Code   RO         2477    i.HAL_TIMEx_MasterConfigSynchronization  stm32f1xx_hal_tim_ex.o
    0x08002d04   0x08002d04   0x0000005a   Code   RO         1754    i.HAL_TIM_Base_Init  stm32f1xx_hal_tim.o
    0x08002d5e   0x08002d5e   0x00000002   PAD
    0x08002d60   0x08002d60   0x0000007c   Code   RO          269    i.HAL_TIM_Base_MspInit  tim.o
    0x08002ddc   0x08002ddc   0x000000dc   Code   RO         1763    i.HAL_TIM_ConfigClockSource  stm32f1xx_hal_tim.o
    0x08002eb8   0x08002eb8   0x00000002   Code   RO         1784    i.HAL_TIM_ErrorCallback  stm32f1xx_hal_tim.o
    0x08002eba   0x08002eba   0x00000002   PAD
    0x08002ebc   0x08002ebc   0x00000078   Code   RO          270    i.HAL_TIM_MspPostInit  tim.o
    0x08002f34   0x08002f34   0x000000cc   Code   RO         1826    i.HAL_TIM_PWM_ConfigChannel  stm32f1xx_hal_tim.o
    0x08003000   0x08003000   0x0000005a   Code   RO         1829    i.HAL_TIM_PWM_Init  stm32f1xx_hal_tim.o
    0x0800305a   0x0800305a   0x00000002   Code   RO         1831    i.HAL_TIM_PWM_MspInit  stm32f1xx_hal_tim.o
    0x0800305c   0x0800305c   0x00000002   Code   RO         1832    i.HAL_TIM_PWM_PulseFinishedCallback  stm32f1xx_hal_tim.o
    0x0800305e   0x0800305e   0x00000002   Code   RO         1833    i.HAL_TIM_PWM_PulseFinishedHalfCpltCallback  stm32f1xx_hal_tim.o
    0x08003060   0x08003060   0x0000009c   Code   RO         1834    i.HAL_TIM_PWM_Start  stm32f1xx_hal_tim.o
    0x080030fc   0x080030fc   0x00000194   Code   RO         1835    i.HAL_TIM_PWM_Start_DMA  stm32f1xx_hal_tim.o
    0x08003290   0x08003290   0x00000064   Code   RO         2755    i.HAL_UART_Init     stm32f1xx_hal_uart.o
    0x080032f4   0x080032f4   0x00000070   Code   RO          323    i.HAL_UART_MspInit  usart.o
    0x08003364   0x08003364   0x00000002   Code   RO          366    i.HardFault_Handler  stm32f1xx_it.o
    0x08003366   0x08003366   0x00000002   PAD
    0x08003368   0x08003368   0x00000078   Code   RO          204    i.MX_ADC1_Init      adc.o
    0x080033e0   0x080033e0   0x0000001c   Code   RO          244    i.MX_DMA_Init       dma.o
    0x080033fc   0x080033fc   0x000000fc   Code   RO          178    i.MX_GPIO_Init      gpio.o
    0x080034f8   0x080034f8   0x000000dc   Code   RO          271    i.MX_TIM1_Init      tim.o
    0x080035d4   0x080035d4   0x00000094   Code   RO          272    i.MX_TIM4_Init      tim.o
    0x08003668   0x08003668   0x00000038   Code   RO          324    i.MX_USART3_UART_Init  usart.o
    0x080036a0   0x080036a0   0x00000002   Code   RO          367    i.MemManage_Handler  stm32f1xx_it.o
    0x080036a2   0x080036a2   0x00000002   Code   RO          368    i.NMI_Handler       stm32f1xx_it.o
    0x080036a4   0x080036a4   0x00000028   Code   RO         3126    i.OLED_Clear        oled.o
    0x080036cc   0x080036cc   0x0000005c   Code   RO         3127    i.OLED_ClearArea    oled.o
    0x08003728   0x08003728   0x00000048   Code   RO         3135    i.OLED_GPIO_Init    oled.o
    0x08003770   0x08003770   0x0000003a   Code   RO         3137    i.OLED_I2C_SendByte  oled.o
    0x080037aa   0x080037aa   0x0000001e   Code   RO         3138    i.OLED_I2C_Start    oled.o
    0x080037c8   0x080037c8   0x00000018   Code   RO         3139    i.OLED_I2C_Stop     oled.o
    0x080037e0   0x080037e0   0x0000009c   Code   RO         3140    i.OLED_Init         oled.o
    0x0800387c   0x0800387c   0x0000002a   Code   RO         3143    i.OLED_Printf       oled.o
    0x080038a6   0x080038a6   0x00000022   Code   RO         3146    i.OLED_SetCursor    oled.o
    0x080038c8   0x080038c8   0x0000003c   Code   RO         3148    i.OLED_ShowChar     oled.o
    0x08003904   0x08003904   0x000000bc   Code   RO         3151    i.OLED_ShowImage    oled.o
    0x080039c0   0x080039c0   0x0000016c   Code   RO         3154    i.OLED_ShowString   oled.o
    0x08003b2c   0x08003b2c   0x00000028   Code   RO         3155    i.OLED_Update       oled.o
    0x08003b54   0x08003b54   0x00000010   Code   RO         3157    i.OLED_W_SCL        oled.o
    0x08003b64   0x08003b64   0x00000010   Code   RO         3158    i.OLED_W_SDA        oled.o
    0x08003b74   0x08003b74   0x00000022   Code   RO         3159    i.OLED_WriteCommand  oled.o
    0x08003b96   0x08003b96   0x00000030   Code   RO         3160    i.OLED_WriteData    oled.o
    0x08003bc6   0x08003bc6   0x00000002   Code   RO          369    i.PendSV_Handler    stm32f1xx_it.o
    0x08003bc8   0x08003bc8   0x00000002   Code   RO          370    i.SVC_Handler       stm32f1xx_it.o
    0x08003bca   0x08003bca   0x00000004   Code   RO          371    i.SysTick_Handler   stm32f1xx_it.o
    0x08003bce   0x08003bce   0x00000078   Code   RO           14    i.SystemClock_Config  main.o
    0x08003c46   0x08003c46   0x00000002   Code   RO         3089    i.SystemInit        system_stm32f1xx.o
    0x08003c48   0x08003c48   0x00000078   Code   RO         1847    i.TIM_Base_SetConfig  stm32f1xx_hal_tim.o
    0x08003cc0   0x08003cc0   0x0000001a   Code   RO         1848    i.TIM_CCxChannelCmd  stm32f1xx_hal_tim.o
    0x08003cda   0x08003cda   0x0000005e   Code   RO         1851    i.TIM_DMADelayPulseCplt  stm32f1xx_hal_tim.o
    0x08003d38   0x08003d38   0x00000038   Code   RO         1852    i.TIM_DMADelayPulseHalfCplt  stm32f1xx_hal_tim.o
    0x08003d70   0x08003d70   0x00000054   Code   RO         1853    i.TIM_DMAError      stm32f1xx_hal_tim.o
    0x08003dc4   0x08003dc4   0x00000014   Code   RO         1858    i.TIM_ETR_SetConfig  stm32f1xx_hal_tim.o
    0x08003dd8   0x08003dd8   0x00000010   Code   RO         1859    i.TIM_ITRx_SetConfig  stm32f1xx_hal_tim.o
    0x08003de8   0x08003de8   0x00000050   Code   RO         1860    i.TIM_OC1_SetConfig  stm32f1xx_hal_tim.o
    0x08003e38   0x08003e38   0x00000058   Code   RO         1861    i.TIM_OC2_SetConfig  stm32f1xx_hal_tim.o
    0x08003e90   0x08003e90   0x00000058   Code   RO         1862    i.TIM_OC3_SetConfig  stm32f1xx_hal_tim.o
    0x08003ee8   0x08003ee8   0x00000044   Code   RO         1863    i.TIM_OC4_SetConfig  stm32f1xx_hal_tim.o
    0x08003f2c   0x08003f2c   0x00000022   Code   RO         1865    i.TIM_TI1_ConfigInputStage  stm32f1xx_hal_tim.o
    0x08003f4e   0x08003f4e   0x00000024   Code   RO         1867    i.TIM_TI2_ConfigInputStage  stm32f1xx_hal_tim.o
    0x08003f72   0x08003f72   0x00000002   PAD
    0x08003f74   0x08003f74   0x000000b8   Code   RO         2781    i.UART_SetConfig    stm32f1xx_hal_uart.o
    0x0800402c   0x0800402c   0x00000002   Code   RO          372    i.UsageFault_Handler  stm32f1xx_it.o
    0x0800402e   0x0800402e   0x00000028   Code   RO         3724    i.__ARM_fpclassify  m_ws.l(fpclassify.o)
    0x08004056   0x08004056   0x00000020   Code   RO         1265    i.__NVIC_SetPriority  stm32f1xx_hal_cortex.o
    0x08004076   0x08004076   0x0000000e   Code   RO         3603    i._is_digit         c_w.l(__printf_wp.o)
    0x08004084   0x08004084   0x000002d4   Code   RO           15    i.main              main.o
    0x08004358   0x08004358   0x0000002c   Code   RO         3391    i.motor_control     motor.o
    0x08004384   0x08004384   0x0000001c   Code   RO         3392    i.motor_init        motor.o
    0x080043a0   0x080043a0   0x0000003c   Code   RO         3422    i.super_led_engine  super_led.o
    0x080043dc   0x080043dc   0x00000048   Code   RO         3423    i.super_led_init    super_led.o
    0x08004424   0x08004424   0x00000044   Code   RO         3424    i.super_led_set_single  super_led.o
    0x08004468   0x08004468   0x00000020   Code   RO         3425    i.super_led_set_whole  super_led.o
    0x08004488   0x08004488   0x0000002c   Code   RO         3768    locale$$code        c_w.l(lc_numeric_c.o)
    0x080044b4   0x080044b4   0x0000002c   Code   RO         3785    locale$$code        c_w.l(lc_ctype_c.o)
    0x080044e0   0x080044e0   0x00000004   Code   RO         3650    x$fpl$printf1       fz_ws.l(printf1.o)
    0x080044e4   0x080044e4   0x00000004   Code   RO         3652    x$fpl$printf2       fz_ws.l(printf2.o)
    0x080044e8   0x080044e8   0x00000000   Code   RO         3658    x$fpl$usenofp       fz_ws.l(usenofp.o)
    0x080044e8   0x080044e8   0x00000012   Data   RO          963    .constdata          stm32f1xx_hal_rcc.o
    0x080044fa   0x080044fa   0x00000012   Data   RO         1055    .constdata          stm32f1xx_hal_rcc_ex.o
    0x0800450c   0x0800450c   0x00000010   Data   RO         3090    .constdata          system_stm32f1xx.o
    0x0800451c   0x0800451c   0x00000008   Data   RO         3091    .constdata          system_stm32f1xx.o
    0x08004524   0x08004524   0x000005f0   Data   RO         3373    .constdata          oled_data.o
    0x08004b14   0x08004b14   0x0000023a   Data   RO         3374    .constdata          oled_data.o
    0x08004d4e   0x08004d4e   0x00000025   Data   RO         3375    .constdata          oled_data.o
    0x08004d73   0x08004d73   0x0000001b   Data   RO         3427    .constdata          super_led.o
    0x08004d8e   0x08004d8e   0x00000002   PAD
    0x08004d90   0x08004d90   0x00000008   Data   RO         3562    .constdata          c_w.l(_printf_wctomb.o)
    0x08004d98   0x08004d98   0x00000028   Data   RO         3591    .constdata          c_w.l(_printf_hex_int_ll_ptr.o)
    0x08004dc0   0x08004dc0   0x00000011   Data   RO         3611    .constdata          c_w.l(__printf_flags_ss_wp.o)
    0x08004dd1   0x08004dd1   0x00000026   Data   RO         3711    .constdata          c_w.l(_printf_fp_hex.o)
    0x08004df7   0x08004df7   0x00000001   PAD
    0x08004df8   0x08004df8   0x00000094   Data   RO         3743    .constdata          c_w.l(bigflt0.o)
    0x08004e8c   0x08004e8c   0x00000020   Data   RO         3915    Region$$Table       anon$$obj.o
    0x08004eac   0x08004eac   0x0000001c   Data   RO         3767    locale$$data        c_w.l(lc_numeric_c.o)
    0x08004ec8   0x08004ec8   0x00000110   Data   RO         3784    locale$$data        c_w.l(lc_ctype_c.o)


    Execution Region RW_IRAM1 (Exec base: 0x20000000, Load base: 0x08004fd8, Size: 0x00002a38, Max: 0x00005000, ABSOLUTE)

    Exec Addr    Load Addr    Size         Type   Attr      Idx    E Section Name        Object

    0x20000000   0x08004fd8   0x00000012   Data   RW           16    .data               main.o
    0x20000012   0x08004fea   0x00000002   PAD
    0x20000014   0x08004fec   0x0000000c   Data   RW          800    .data               stm32f1xx_hal.o
    0x20000020   0x08004ff8   0x00000004   Data   RW         3092    .data               system_stm32f1xx.o
    0x20000024   0x08004ffc   0x00000010   Data   RW         3428    .data               super_led.o
    0x20000034        -       0x00000074   Zero   RW          205    .bss                adc.o
    0x200000a8        -       0x000000d4   Zero   RW          273    .bss                tim.o
    0x2000017c        -       0x00000048   Zero   RW          325    .bss                usart.o
    0x200001c4        -       0x00000400   Zero   RW         3162    .bss                oled.o
    0x200005c4        -       0x00001e14   Zero   RW         3426    .bss                super_led.o
    0x200023d8        -       0x00000060   Zero   RW         3729    .bss                c_w.l(libspace.o)
    0x20002438        -       0x00000200   Zero   RW            2    HEAP                startup_stm32f103xb.o
    0x20002638        -       0x00000400   Zero   RW            1    STACK               startup_stm32f103xb.o


==============================================================================

Image component sizes


      Code (inc. data)   RO Data    RW Data    ZI Data      Debug   Object Name

       264         30          0          0        116       1715   adc.o
        28          6          0          0          0        702   dma.o
       252         12          0          0          0        947   gpio.o
       848         64          0         18          0     449494   main.o
        72         12          0          0          0        977   motor.o
      1314         60          0          0       1024      11336   oled.o
         0          0       2127          0          0       1058   oled_data.o
        64         26        236          0       1536        792   startup_stm32f103xb.o
       164         28          0         12          0       5761   stm32f1xx_hal.o
      1134         56          0          0          0       8314   stm32f1xx_hal_adc.o
       216          6          0          0          0       1398   stm32f1xx_hal_adc_ex.o
       172         14          0          0          0      28202   stm32f1xx_hal_cortex.o
       246          8          0          0          0       2566   stm32f1xx_hal_dma.o
       500         34          0          0          0       3439   stm32f1xx_hal_gpio.o
        60          8          0          0          0        838   stm32f1xx_hal_msp.o
      1240         84         18          0          0       5004   stm32f1xx_hal_rcc.o
       400         28         18          0          0       2417   stm32f1xx_hal_rcc_ex.o
      1982         70          0          0          0      16739   stm32f1xx_hal_tim.o
       188         12          0          0          0       2088   stm32f1xx_hal_tim_ex.o
       284          6          0          0          0       1876   stm32f1xx_hal_uart.o
        20          0          0          0          0       3710   stm32f1xx_it.o
       328         28         27         16       7700       3885   super_led.o
         2          0         24          4          0       1059   system_stm32f1xx.o
       612         58          0          0        212       3179   tim.o
       168         20          0          0         72       1610   usart.o

    ----------------------------------------------------------------------
     10570        670       2484         52      10660     559106   Object Totals
         0          0         32          0          0          0   (incl. Generated)
        12          0          2          2          0          0   (incl. Padding)

    ----------------------------------------------------------------------

      Code (inc. data)   RO Data    RW Data    ZI Data      Debug   Library Member Name

         8          0          0          0          0         68   __main.o
       392          4         17          0          0         92   __printf_flags_ss_wp.o
        14          0          0          0          0         68   __printf_wp.o
         0          0          0          0          0          0   __rtentry.o
        12          0          0          0          0          0   __rtentry2.o
         6          0          0          0          0          0   __rtentry4.o
        52          8          0          0          0          0   __scatter.o
        26          0          0          0          0          0   __scatter_copy.o
        28          0          0          0          0          0   __scatter_zi.o
         6          0          0          0          0          0   _printf_a.o
         6          0          0          0          0          0   _printf_c.o
        44          0          0          0          0        108   _printf_char.o
        48          6          0          0          0         96   _printf_char_common.o
        40          0          0          0          0         68   _printf_charcount.o
         6          0          0          0          0          0   _printf_d.o
       120         16          0          0          0         92   _printf_dec.o
         6          0          0          0          0          0   _printf_e.o
         6          0          0          0          0          0   _printf_f.o
      1054          0          0          0          0        216   _printf_fp_dec.o
       764          8         38          0          0        100   _printf_fp_hex.o
       128         16          0          0          0         84   _printf_fp_infnan.o
         6          0          0          0          0          0   _printf_g.o
       148          4         40          0          0        160   _printf_hex_int_ll_ptr.o
         6          0          0          0          0          0   _printf_i.o
       178          0          0          0          0         88   _printf_intcommon.o
        10          0          0          0          0          0   _printf_l.o
         6          0          0          0          0          0   _printf_lc.o
        10          0          0          0          0          0   _printf_ll.o
         6          0          0          0          0          0   _printf_lld.o
         6          0          0          0          0          0   _printf_lli.o
         6          0          0          0          0          0   _printf_llo.o
         6          0          0          0          0          0   _printf_llu.o
         6          0          0          0          0          0   _printf_llx.o
       124         16          0          0          0         92   _printf_longlong_dec.o
         6          0          0          0          0          0   _printf_ls.o
         6          0          0          0          0          0   _printf_n.o
         6          0          0          0          0          0   _printf_o.o
       112         10          0          0          0        124   _printf_oct_int_ll.o
         6          0          0          0          0          0   _printf_p.o
        78          0          0          0          0        108   _printf_pad.o
         0          0          0          0          0          0   _printf_percent.o
         4          0          0          0          0          0   _printf_percent_end.o
         6          0          0          0          0          0   _printf_s.o
        82          0          0          0          0         80   _printf_str.o
        36          0          0          0          0         84   _printf_truncate.o
         6          0          0          0          0          0   _printf_u.o
        44          0          0          0          0        108   _printf_wchar.o
       188          6          8          0          0         92   _printf_wctomb.o
         6          0          0          0          0          0   _printf_x.o
        10          0          0          0          0         68   _sputc.o
        64          0          0          0          0         92   _wcrtomb.o
       228          4        148          0          0         96   bigflt0.o
      1936        128          0          0          0        672   btod.o
        18          0          0          0          0         80   exit.o
         6          0          0          0          0        152   heapauxi.o
         0          0          0          0          0          0   indicate_semi.o
        44         10        272          0          0         76   lc_ctype_c.o
        44         10         28          0          0         76   lc_numeric_c.o
         2          0          0          0          0          0   libinit.o
        30          0          0          0          0          0   libinit2.o
         2          0          0          0          0          0   libshutdown.o
         2          0          0          0          0          0   libshutdown2.o
         8          4          0          0         96         68   libspace.o
       138          0          0          0          0         80   lludiv10.o
        16          4          0          0          0         76   rt_ctype_table.o
         8          4          0          0          0         68   rt_locale_intlibspace.o
        78          0          0          0          0         80   rt_memclr_w.o
         2          0          0          0          0          0   rtexit.o
        10          0          0          0          0          0   rtexit2.o
       128          0          0          0          0         68   strcmpv7m.o
        12          4          0          0          0         68   sys_exit.o
        74          0          0          0          0         80   sys_stackheap_outer.o
         2          0          0          0          0         68   use_no_semi.o
        36          4          0          0          0         76   vsprintf.o
         4          0          0          0          0         68   printf1.o
         4          0          0          0          0         68   printf2.o
         0          0          0          0          0          0   usenofp.o
        40          0          0          0          0         68   fpclassify.o

    ----------------------------------------------------------------------
      6834        266        552          0         96       4176   Library Totals
        18          0          1          0          0          0   (incl. Padding)

    ----------------------------------------------------------------------

      Code (inc. data)   RO Data    RW Data    ZI Data      Debug   Library Name

      6768        266        551          0         96       3972   c_w.l
         8          0          0          0          0        136   fz_ws.l
        40          0          0          0          0         68   m_ws.l

    ----------------------------------------------------------------------
      6834        266        552          0         96       4176   Library Totals

    ----------------------------------------------------------------------

==============================================================================


      Code (inc. data)   RO Data    RW Data    ZI Data      Debug   

     17404        936       3036         52      10756     555582   Grand Totals
     17404        936       3036         52      10756     555582   ELF Image Totals
     17404        936       3036         52          0          0   ROM Totals

==============================================================================

    Total RO  Size (Code + RO Data)                20440 (  19.96kB)
    Total RW  Size (RW Data + ZI Data)             10808 (  10.55kB)
    Total ROM Size (Code + RO Data + RW Data)      20492 (  20.01kB)

==============================================================================

